<?xml version="1.0" encoding="ISO-8859-1" ?>
<link_info>
   <banner>TMS320C2000 Linker Unix v18.1.3.LTS</banner>
   <copyright>Copyright (c) 1996-2017 Texas Instruments Incorporated</copyright>
   <link_time>0x5f154981</link_time>
   <link_errors>0x0</link_errors>
   <output_file>dual_motor_torque_ctrl.out</output_file>
   <entry_point>
      <name>_c_int00</name>
      <address>0x3f4291</address>
   </entry_point>
   <input_file_list>
      <input_file id="fl-5">
         <path>./</path>
         <kind>object</kind>
         <file>CodeStartBranch.obj</file>
         <name>CodeStartBranch.obj</name>
      </input_file>
      <input_file id="fl-6">
         <path>./</path>
         <kind>object</kind>
         <file>adc.obj</file>
         <name>adc.obj</name>
      </input_file>
      <input_file id="fl-7">
         <path>./</path>
         <kind>object</kind>
         <file>angle_comp.obj</file>
         <name>angle_comp.obj</name>
      </input_file>
      <input_file id="fl-8">
         <path>./</path>
         <kind>object</kind>
         <file>clarke.obj</file>
         <name>clarke.obj</name>
      </input_file>
      <input_file id="fl-9">
         <path>./</path>
         <kind>object</kind>
         <file>clk.obj</file>
         <name>clk.obj</name>
      </input_file>
      <input_file id="fl-a">
         <path>./</path>
         <kind>object</kind>
         <file>cpu.obj</file>
         <name>cpu.obj</name>
      </input_file>
      <input_file id="fl-b">
         <path>./</path>
         <kind>object</kind>
         <file>drv8305.obj</file>
         <name>drv8305.obj</name>
      </input_file>
      <input_file id="fl-c">
         <path>./</path>
         <kind>object</kind>
         <file>enc.obj</file>
         <name>enc.obj</name>
      </input_file>
      <input_file id="fl-d">
         <path>./</path>
         <kind>object</kind>
         <file>filter_fo.obj</file>
         <name>filter_fo.obj</name>
      </input_file>
      <input_file id="fl-e">
         <path>./</path>
         <kind>object</kind>
         <file>flash.obj</file>
         <name>flash.obj</name>
      </input_file>
      <input_file id="fl-f">
         <path>./</path>
         <kind>object</kind>
         <file>gpio.obj</file>
         <name>gpio.obj</name>
      </input_file>
      <input_file id="fl-10">
         <path>./</path>
         <kind>object</kind>
         <file>hal_2mtr.obj</file>
         <name>hal_2mtr.obj</name>
      </input_file>
      <input_file id="fl-11">
         <path>./</path>
         <kind>object</kind>
         <file>ipark.obj</file>
         <name>ipark.obj</name>
      </input_file>
      <input_file id="fl-12">
         <path>./</path>
         <kind>object</kind>
         <file>memCopy.obj</file>
         <name>memCopy.obj</name>
      </input_file>
      <input_file id="fl-13">
         <path>./</path>
         <kind>object</kind>
         <file>osc.obj</file>
         <name>osc.obj</name>
      </input_file>
      <input_file id="fl-14">
         <path>./</path>
         <kind>object</kind>
         <file>park.obj</file>
         <name>park.obj</name>
      </input_file>
      <input_file id="fl-15">
         <path>./</path>
         <kind>object</kind>
         <file>pid.obj</file>
         <name>pid.obj</name>
      </input_file>
      <input_file id="fl-16">
         <path>./</path>
         <kind>object</kind>
         <file>pie.obj</file>
         <name>pie.obj</name>
      </input_file>
      <input_file id="fl-17">
         <path>./</path>
         <kind>object</kind>
         <file>pll.obj</file>
         <name>pll.obj</name>
      </input_file>
      <input_file id="fl-18">
         <path>./</path>
         <kind>object</kind>
         <file>pwm.obj</file>
         <name>pwm.obj</name>
      </input_file>
      <input_file id="fl-19">
         <path>./</path>
         <kind>object</kind>
         <file>pwr.obj</file>
         <name>pwr.obj</name>
      </input_file>
      <input_file id="fl-1a">
         <path>./</path>
         <kind>object</kind>
         <file>qep.obj</file>
         <name>qep.obj</name>
      </input_file>
      <input_file id="fl-1b">
         <path>./</path>
         <kind>object</kind>
         <file>slip.obj</file>
         <name>slip.obj</name>
      </input_file>
      <input_file id="fl-1c">
         <path>./</path>
         <kind>object</kind>
         <file>spi.obj</file>
         <name>spi.obj</name>
      </input_file>
      <input_file id="fl-1d">
         <path>./</path>
         <kind>object</kind>
         <file>svgen.obj</file>
         <name>svgen.obj</name>
      </input_file>
      <input_file id="fl-1e">
         <path>./</path>
         <kind>object</kind>
         <file>timer.obj</file>
         <name>timer.obj</name>
      </input_file>
      <input_file id="fl-1f">
         <path>./</path>
         <kind>object</kind>
         <file>usDelay.obj</file>
         <name>usDelay.obj</name>
      </input_file>
      <input_file id="fl-20">
         <path>./</path>
         <kind>object</kind>
         <file>user_2mtr.obj</file>
         <name>user_2mtr.obj</name>
      </input_file>
      <input_file id="fl-21">
         <path>./</path>
         <kind>object</kind>
         <file>wdog.obj</file>
         <name>wdog.obj</name>
      </input_file>
      <input_file id="fl-22">
         <path>./amd_motorware_ext/</path>
         <kind>object</kind>
         <file>utils.obj</file>
         <name>utils.obj</name>
      </input_file>
      <input_file id="fl-23">
         <path>./src/</path>
         <kind>object</kind>
         <file>canapi.obj</file>
         <name>canapi.obj</name>
      </input_file>
      <input_file id="fl-24">
         <path>./src/</path>
         <kind>object</kind>
         <file>dual_motor_torque_ctrl.obj</file>
         <name>dual_motor_torque_ctrl.obj</name>
      </input_file>
      <input_file id="fl-25">
         <path>./src/</path>
         <kind>object</kind>
         <file>main_helper.obj</file>
         <name>main_helper.obj</name>
      </input_file>
      <input_file id="fl-26">
         <path>./src/</path>
         <kind>object</kind>
         <file>spintac.obj</file>
         <name>spintac.obj</name>
      </input_file>
      <input_file id="fl-27">
         <path>./src/</path>
         <kind>object</kind>
         <file>virtualspring.obj</file>
         <name>virtualspring.obj</name>
      </input_file>
      <input_file id="fl-2d">
         <kind>object</kind>
         <file>&lt;internal&gt;</file>
         <name>&lt;internal&gt;</name>
      </input_file>
      <input_file id="fl-2e">
         <path>/Applications/ti/ccsv8/tools/compiler/ti-cgt-c2000_18.1.3.LTS/lib/</path>
         <kind>archive</kind>
         <file>rts2800_ml.lib</file>
         <name>fd_div28.asm.obj</name>
      </input_file>
      <input_file id="fl-2f">
         <path>/Applications/ti/ccsv8/tools/compiler/ti-cgt-c2000_18.1.3.LTS/lib/</path>
         <kind>archive</kind>
         <file>rts2800_ml.lib</file>
         <name>fd_mpy28.asm.obj</name>
      </input_file>
      <input_file id="fl-30">
         <path>/Applications/ti/ccsv8/tools/compiler/ti-cgt-c2000_18.1.3.LTS/lib/</path>
         <kind>archive</kind>
         <file>rts2800_ml.lib</file>
         <name>fd_sub28.asm.obj</name>
      </input_file>
      <input_file id="fl-31">
         <path>/Applications/ti/ccsv8/tools/compiler/ti-cgt-c2000_18.1.3.LTS/lib/</path>
         <kind>archive</kind>
         <file>rts2800_ml.lib</file>
         <name>fd_add28.asm.obj</name>
      </input_file>
      <input_file id="fl-32">
         <path>/Applications/ti/ccsv8/tools/compiler/ti-cgt-c2000_18.1.3.LTS/lib/</path>
         <kind>archive</kind>
         <file>rts2800_ml.lib</file>
         <name>fd_tol28.asm.obj</name>
      </input_file>
      <input_file id="fl-33">
         <path>/Applications/ti/ccsv8/tools/compiler/ti-cgt-c2000_18.1.3.LTS/lib/</path>
         <kind>archive</kind>
         <file>rts2800_ml.lib</file>
         <name>fd_toul28.asm.obj</name>
      </input_file>
      <input_file id="fl-34">
         <path>/Applications/ti/ccsv8/tools/compiler/ti-cgt-c2000_18.1.3.LTS/lib/</path>
         <kind>archive</kind>
         <file>rts2800_ml.lib</file>
         <name>fs_add28.asm.obj</name>
      </input_file>
      <input_file id="fl-35">
         <path>/Applications/ti/ccsv8/tools/compiler/ti-cgt-c2000_18.1.3.LTS/lib/</path>
         <kind>archive</kind>
         <file>rts2800_ml.lib</file>
         <name>fs_cmp28.asm.obj</name>
      </input_file>
      <input_file id="fl-36">
         <path>/Applications/ti/ccsv8/tools/compiler/ti-cgt-c2000_18.1.3.LTS/lib/</path>
         <kind>archive</kind>
         <file>rts2800_ml.lib</file>
         <name>fs_div28.asm.obj</name>
      </input_file>
      <input_file id="fl-37">
         <path>/Applications/ti/ccsv8/tools/compiler/ti-cgt-c2000_18.1.3.LTS/lib/</path>
         <kind>archive</kind>
         <file>rts2800_ml.lib</file>
         <name>fs_mpy28.asm.obj</name>
      </input_file>
      <input_file id="fl-38">
         <path>/Applications/ti/ccsv8/tools/compiler/ti-cgt-c2000_18.1.3.LTS/lib/</path>
         <kind>archive</kind>
         <file>rts2800_ml.lib</file>
         <name>fs_neg28.asm.obj</name>
      </input_file>
      <input_file id="fl-39">
         <path>/Applications/ti/ccsv8/tools/compiler/ti-cgt-c2000_18.1.3.LTS/lib/</path>
         <kind>archive</kind>
         <file>rts2800_ml.lib</file>
         <name>fs_tofd28.asm.obj</name>
      </input_file>
      <input_file id="fl-3a">
         <path>/Applications/ti/ccsv8/tools/compiler/ti-cgt-c2000_18.1.3.LTS/lib/</path>
         <kind>archive</kind>
         <file>rts2800_ml.lib</file>
         <name>fs_toi28.asm.obj</name>
      </input_file>
      <input_file id="fl-3b">
         <path>/Applications/ti/ccsv8/tools/compiler/ti-cgt-c2000_18.1.3.LTS/lib/</path>
         <kind>archive</kind>
         <file>rts2800_ml.lib</file>
         <name>fs_tol28.asm.obj</name>
      </input_file>
      <input_file id="fl-3c">
         <path>/Applications/ti/ccsv8/tools/compiler/ti-cgt-c2000_18.1.3.LTS/lib/</path>
         <kind>archive</kind>
         <file>rts2800_ml.lib</file>
         <name>fs_tou28.asm.obj</name>
      </input_file>
      <input_file id="fl-3d">
         <path>/Applications/ti/ccsv8/tools/compiler/ti-cgt-c2000_18.1.3.LTS/lib/</path>
         <kind>archive</kind>
         <file>rts2800_ml.lib</file>
         <name>fs_toul28.asm.obj</name>
      </input_file>
      <input_file id="fl-3e">
         <path>/Applications/ti/ccsv8/tools/compiler/ti-cgt-c2000_18.1.3.LTS/lib/</path>
         <kind>archive</kind>
         <file>rts2800_ml.lib</file>
         <name>i_tofs28.asm.obj</name>
      </input_file>
      <input_file id="fl-3f">
         <path>/Applications/ti/ccsv8/tools/compiler/ti-cgt-c2000_18.1.3.LTS/lib/</path>
         <kind>archive</kind>
         <file>rts2800_ml.lib</file>
         <name>l_tofs28.asm.obj</name>
      </input_file>
      <input_file id="fl-40">
         <path>/Applications/ti/ccsv8/tools/compiler/ti-cgt-c2000_18.1.3.LTS/lib/</path>
         <kind>archive</kind>
         <file>rts2800_ml.lib</file>
         <name>u_tofs28.asm.obj</name>
      </input_file>
      <input_file id="fl-41">
         <path>/Applications/ti/ccsv8/tools/compiler/ti-cgt-c2000_18.1.3.LTS/lib/</path>
         <kind>archive</kind>
         <file>rts2800_ml.lib</file>
         <name>ul_tofd28.asm.obj</name>
      </input_file>
      <input_file id="fl-42">
         <path>/Applications/ti/ccsv8/tools/compiler/ti-cgt-c2000_18.1.3.LTS/lib/</path>
         <kind>archive</kind>
         <file>rts2800_ml.lib</file>
         <name>ul_tofs28.asm.obj</name>
      </input_file>
      <input_file id="fl-43">
         <path>/Users/jviereck/dev/blmc_udriver_firmware/udriver_firmware/motorware/sw/modules/fast/lib/32b/f28x/f2806x/</path>
         <kind>archive</kind>
         <file>2806xRevB_FastSpinROMSymbols.lib</file>
         <name>TMS320x2806x_REVB_boot_rom_out__CTRL_init_tmp.obj</name>
      </input_file>
      <input_file id="fl-44">
         <path>/Users/jviereck/dev/blmc_udriver_firmware/udriver_firmware/motorware/sw/modules/fast/lib/32b/f28x/f2806x/</path>
         <kind>archive</kind>
         <file>2806xRevB_FastSpinROMSymbols.lib</file>
         <name>TMS320x2806x_REVB_boot_rom_out__CTRL_setParams_tmp.obj</name>
      </input_file>
      <input_file id="fl-45">
         <path>/Users/jviereck/dev/blmc_udriver_firmware/udriver_firmware/motorware/sw/modules/fast/lib/32b/f28x/f2806x/</path>
         <kind>archive</kind>
         <file>2806xRevB_FastSpinROMSymbols.lib</file>
         <name>TMS320x2806x_REVB_boot_rom_out__CTRL_setUserMotorParams_tmp.obj</name>
      </input_file>
      <input_file id="fl-46">
         <path>/Users/jviereck/dev/blmc_udriver_firmware/udriver_firmware/motorware/sw/modules/fast/lib/32b/f28x/f2806x/</path>
         <kind>archive</kind>
         <file>2806xRevB_FastSpinROMSymbols.lib</file>
         <name>TMS320x2806x_REVB_boot_rom_out__CTRL_setupEstIdleState_tmp.obj</name>
      </input_file>
      <input_file id="fl-47">
         <path>/Users/jviereck/dev/blmc_udriver_firmware/udriver_firmware/motorware/sw/modules/fast/lib/32b/f28x/f2806x/</path>
         <kind>archive</kind>
         <file>2806xRevB_FastSpinROMSymbols.lib</file>
         <name>TMS320x2806x_REVB_boot_rom_out__EST_getFlux_pu_tmp.obj</name>
      </input_file>
      <input_file id="fl-48">
         <path>/Users/jviereck/dev/blmc_udriver_firmware/udriver_firmware/motorware/sw/modules/fast/lib/32b/f28x/f2806x/</path>
         <kind>archive</kind>
         <file>2806xRevB_FastSpinROMSymbols.lib</file>
         <name>TMS320x2806x_REVB_boot_rom_out__EST_getLs_coarse_max_pu_tmp.obj</name>
      </input_file>
      <input_file id="fl-49">
         <path>/Users/jviereck/dev/blmc_udriver_firmware/udriver_firmware/motorware/sw/modules/fast/lib/32b/f28x/f2806x/</path>
         <kind>archive</kind>
         <file>2806xRevB_FastSpinROMSymbols.lib</file>
         <name>TMS320x2806x_REVB_boot_rom_out__EST_getLs_d_pu_tmp.obj</name>
      </input_file>
      <input_file id="fl-4a">
         <path>/Users/jviereck/dev/blmc_udriver_firmware/udriver_firmware/motorware/sw/modules/fast/lib/32b/f28x/f2806x/</path>
         <kind>archive</kind>
         <file>2806xRevB_FastSpinROMSymbols.lib</file>
         <name>TMS320x2806x_REVB_boot_rom_out__EST_getLs_q_pu_tmp.obj</name>
      </input_file>
      <input_file id="fl-4b">
         <path>/Users/jviereck/dev/blmc_udriver_firmware/udriver_firmware/motorware/sw/modules/fast/lib/32b/f28x/f2806x/</path>
         <kind>archive</kind>
         <file>2806xRevB_FastSpinROMSymbols.lib</file>
         <name>TMS320x2806x_REVB_boot_rom_out__EST_init_tmp.obj</name>
      </input_file>
      <input_file id="fl-4c">
         <path>/Users/jviereck/dev/blmc_udriver_firmware/udriver_firmware/motorware/sw/modules/fast/lib/32b/f28x/f2806x/</path>
         <kind>archive</kind>
         <file>2806xRevB_FastSpinROMSymbols.lib</file>
         <name>TMS320x2806x_REVB_boot_rom_out__EST_setFlag_enableForceAngle_tmp.obj</name>
      </input_file>
      <input_file id="fl-4d">
         <path>/Users/jviereck/dev/blmc_udriver_firmware/udriver_firmware/motorware/sw/modules/fast/lib/32b/f28x/f2806x/</path>
         <kind>archive</kind>
         <file>2806xRevB_FastSpinROMSymbols.lib</file>
         <name>TMS320x2806x_REVB_boot_rom_out__EST_setFlag_enableRsRecalc_tmp.obj</name>
      </input_file>
      <input_file id="fl-4e">
         <path>/Users/jviereck/dev/blmc_udriver_firmware/udriver_firmware/motorware/sw/modules/fast/lib/32b/f28x/f2806x/</path>
         <kind>archive</kind>
         <file>2806xRevB_FastSpinROMSymbols.lib</file>
         <name>TMS320x2806x_REVB_boot_rom_out__EST_setIdle_tmp.obj</name>
      </input_file>
      <input_file id="fl-4f">
         <path>/Users/jviereck/dev/blmc_udriver_firmware/udriver_firmware/motorware/sw/modules/fast/lib/32b/f28x/f2806x/</path>
         <kind>archive</kind>
         <file>2806xRevB_FastSpinROMSymbols.lib</file>
         <name>TMS320x2806x_REVB_boot_rom_out__EST_setLs_d_pu_tmp.obj</name>
      </input_file>
      <input_file id="fl-50">
         <path>/Users/jviereck/dev/blmc_udriver_firmware/udriver_firmware/motorware/sw/modules/fast/lib/32b/f28x/f2806x/</path>
         <kind>archive</kind>
         <file>2806xRevB_FastSpinROMSymbols.lib</file>
         <name>TMS320x2806x_REVB_boot_rom_out__EST_setLs_qFmt_tmp.obj</name>
      </input_file>
      <input_file id="fl-51">
         <path>/Users/jviereck/dev/blmc_udriver_firmware/udriver_firmware/motorware/sw/modules/fast/lib/32b/f28x/f2806x/</path>
         <kind>archive</kind>
         <file>2806xRevB_FastSpinROMSymbols.lib</file>
         <name>TMS320x2806x_REVB_boot_rom_out__EST_setLs_q_pu_tmp.obj</name>
      </input_file>
      <input_file id="fl-52">
         <path>/Users/jviereck/dev/blmc_udriver_firmware/udriver_firmware/motorware/sw/modules/fast/lib/32b/f28x/f2806x/</path>
         <kind>archive</kind>
         <file>2806xRevB_FastSpinROMSymbols.lib</file>
         <name>TMS320x2806x_REVB_boot_rom_out__EST_updateState_tmp.obj</name>
      </input_file>
      <input_file id="fl-53">
         <path>/Users/jviereck/dev/blmc_udriver_firmware/udriver_firmware/motorware/sw/modules/spintac/lib/32b/</path>
         <kind>archive</kind>
         <file>SpinTAC.lib</file>
         <name>spintac_pos_conv.obj</name>
      </input_file>
      <input_file id="fl-54">
         <path>/Users/jviereck/dev/blmc_udriver_firmware/udriver_firmware/motorware/sw/modules/spintac/lib/32b/</path>
         <kind>archive</kind>
         <file>SpinTAC.lib</file>
         <name>spintac_pos_roadd.obj</name>
      </input_file>
      <input_file id="fl-55">
         <path>/Users/jviereck/dev/blmc_udriver_firmware/udriver_firmware/motorware/sw/modules/spintac/lib/32b/</path>
         <kind>archive</kind>
         <file>SpinTAC.lib</file>
         <name>spintac_version.obj</name>
      </input_file>
      <input_file id="fl-56">
         <path>/Users/jviereck/dev/blmc_udriver_firmware/udriver_firmware/motorware/sw/modules/iqmath/lib/f28x/32b/</path>
         <kind>archive</kind>
         <file>IQmath.lib</file>
         <name>IQ24cosPU.obj</name>
      </input_file>
      <input_file id="fl-57">
         <path>/Users/jviereck/dev/blmc_udriver_firmware/udriver_firmware/motorware/sw/modules/iqmath/lib/f28x/32b/</path>
         <kind>archive</kind>
         <file>IQmath.lib</file>
         <name>IQmathTables.obj</name>
      </input_file>
      <input_file id="fl-58">
         <path>/Users/jviereck/dev/blmc_udriver_firmware/udriver_firmware/motorware/sw/modules/iqmath/lib/f28x/32b/</path>
         <kind>archive</kind>
         <file>IQmath.lib</file>
         <name>IQ24div.obj</name>
      </input_file>
      <input_file id="fl-59">
         <path>/Users/jviereck/dev/blmc_udriver_firmware/udriver_firmware/motorware/sw/modules/iqmath/lib/f28x/32b/</path>
         <kind>archive</kind>
         <file>IQmath.lib</file>
         <name>IQ24sinPU.obj</name>
      </input_file>
      <input_file id="fl-5a">
         <path>/Users/jviereck/dev/blmc_udriver_firmware/udriver_firmware/motorware/sw/modules/iqmath/lib/f28x/32b/</path>
         <kind>archive</kind>
         <file>IQmath.lib</file>
         <name>IQ24sqrt.obj</name>
      </input_file>
      <input_file id="fl-5b">
         <path>/Users/jviereck/dev/blmc_udriver_firmware/udriver_firmware/motorware/sw/modules/iqmath/lib/f28x/32b/</path>
         <kind>archive</kind>
         <file>IQmath.lib</file>
         <name>IQ30toF.obj</name>
      </input_file>
      <input_file id="fl-5c">
         <path>/Applications/ti/ccsv8/tools/compiler/ti-cgt-c2000_18.1.3.LTS/lib/</path>
         <kind>archive</kind>
         <file>rts2800_ml.lib</file>
         <name>boot28.asm.obj</name>
      </input_file>
      <input_file id="fl-5d">
         <path>/Applications/ti/ccsv8/tools/compiler/ti-cgt-c2000_18.1.3.LTS/lib/</path>
         <kind>archive</kind>
         <file>rts2800_ml.lib</file>
         <name>args_main.c.obj</name>
      </input_file>
      <input_file id="fl-5e">
         <path>/Applications/ti/ccsv8/tools/compiler/ti-cgt-c2000_18.1.3.LTS/lib/</path>
         <kind>archive</kind>
         <file>rts2800_ml.lib</file>
         <name>startup.c.obj</name>
      </input_file>
      <input_file id="fl-5f">
         <path>/Applications/ti/ccsv8/tools/compiler/ti-cgt-c2000_18.1.3.LTS/lib/</path>
         <kind>archive</kind>
         <file>rts2800_ml.lib</file>
         <name>pre_init.c.obj</name>
      </input_file>
      <input_file id="fl-60">
         <path>/Applications/ti/ccsv8/tools/compiler/ti-cgt-c2000_18.1.3.LTS/lib/</path>
         <kind>archive</kind>
         <file>rts2800_ml.lib</file>
         <name>s_ceilf.c.obj</name>
      </input_file>
      <input_file id="fl-61">
         <path>/Applications/ti/ccsv8/tools/compiler/ti-cgt-c2000_18.1.3.LTS/lib/</path>
         <kind>archive</kind>
         <file>rts2800_ml.lib</file>
         <name>cpy_tbl.c.obj</name>
      </input_file>
      <input_file id="fl-62">
         <path>/Applications/ti/ccsv8/tools/compiler/ti-cgt-c2000_18.1.3.LTS/lib/</path>
         <kind>archive</kind>
         <file>rts2800_ml.lib</file>
         <name>exit.c.obj</name>
      </input_file>
      <input_file id="fl-63">
         <path>/Applications/ti/ccsv8/tools/compiler/ti-cgt-c2000_18.1.3.LTS/lib/</path>
         <kind>archive</kind>
         <file>rts2800_ml.lib</file>
         <name>_lock.c.obj</name>
      </input_file>
      <input_file id="fl-64">
         <path>/Applications/ti/ccsv8/tools/compiler/ti-cgt-c2000_18.1.3.LTS/lib/</path>
         <kind>archive</kind>
         <file>rts2800_ml.lib</file>
         <name>e_logf.c.obj</name>
      </input_file>
      <input_file id="fl-65">
         <path>/Applications/ti/ccsv8/tools/compiler/ti-cgt-c2000_18.1.3.LTS/lib/</path>
         <kind>archive</kind>
         <file>rts2800_ml.lib</file>
         <name>errno.c.obj</name>
      </input_file>
      <input_file id="fl-66">
         <path>/Applications/ti/ccsv8/tools/compiler/ti-cgt-c2000_18.1.3.LTS/lib/</path>
         <kind>archive</kind>
         <file>rts2800_ml.lib</file>
         <name>memcpy.c.obj</name>
      </input_file>
      <input_file id="fl-67">
         <path>/Applications/ti/ccsv8/tools/compiler/ti-cgt-c2000_18.1.3.LTS/lib/</path>
         <kind>archive</kind>
         <file>rts2800_ml.lib</file>
         <name>e_powf.c.obj</name>
      </input_file>
      <input_file id="fl-68">
         <path>/Applications/ti/ccsv8/tools/compiler/ti-cgt-c2000_18.1.3.LTS/lib/</path>
         <kind>archive</kind>
         <file>rts2800_ml.lib</file>
         <name>s_scalbnf.c.obj</name>
      </input_file>
      <input_file id="fl-69">
         <path>/Applications/ti/ccsv8/tools/compiler/ti-cgt-c2000_18.1.3.LTS/lib/</path>
         <kind>archive</kind>
         <file>rts2800_ml.lib</file>
         <name>s_copysignf.c.obj</name>
      </input_file>
      <input_file id="fl-6a">
         <path>/Users/jviereck/dev/blmc_udriver_firmware/udriver_firmware/motorware/sw/modules/fast/lib/32b/f28x/f2806x/</path>
         <kind>archive</kind>
         <file>2806xRevB_FastSpinROMSymbols.lib</file>
         <name>TMS320x2806x_REVB_boot_rom_out__spintac_rom_ver_tmp.obj</name>
      </input_file>
      <input_file id="fl-6b">
         <path>/Applications/ti/ccsv8/tools/compiler/ti-cgt-c2000_18.1.3.LTS/lib/</path>
         <kind>archive</kind>
         <file>rts2800_ml.lib</file>
         <name>e_sqrtf.c.obj</name>
      </input_file>
   </input_file_list>
   <object_component_list>
      <object_component id="oc-109">
         <name>.cinit</name>
         <load_address>0x3f4a18</load_address>
         <run_address>0x3f4a18</run_address>
         <size>0x15a</size>
         <input_file_ref idref="fl-24"/>
      </object_component>
      <object_component id="oc-1b2">
         <name>.cinit</name>
         <load_address>0x3f4b72</load_address>
         <run_address>0x3f4b72</run_address>
         <size>0xe</size>
         <input_file_ref idref="fl-62"/>
      </object_component>
      <object_component id="oc-1ef">
         <name>.cinit:__lock</name>
         <load_address>0x3f4b80</load_address>
         <run_address>0x3f4b80</run_address>
         <size>0x5</size>
         <input_file_ref idref="fl-63"/>
      </object_component>
      <object_component id="oc-202">
         <name>.cinit:__unlock</name>
         <load_address>0x3f4b85</load_address>
         <run_address>0x3f4b85</run_address>
         <size>0x5</size>
         <input_file_ref idref="fl-63"/>
      </object_component>
      <object_component id="oc-87">
         <name>.cinit</name>
         <load_address>0x3f4b8a</load_address>
         <run_address>0x3f4b8a</run_address>
         <size>0x4</size>
         <input_file_ref idref="fl-b"/>
      </object_component>
      <object_component id="oc-1c4">
         <name>.cinit</name>
         <load_address>0x3f4b8e</load_address>
         <run_address>0x3f4b8e</run_address>
         <size>0x4</size>
         <input_file_ref idref="fl-65"/>
      </object_component>
      <object_component id="oc-1eb">
         <name>.text</name>
         <load_address>0x3f0000</load_address>
         <run_address>0x3f0000</run_address>
         <size>0xe6c</size>
         <input_file_ref idref="fl-24"/>
      </object_component>
      <object_component id="oc-1f8">
         <name>.text</name>
         <load_address>0x3f0e6c</load_address>
         <run_address>0x3f0e6c</run_address>
         <size>0xbf1</size>
         <input_file_ref idref="fl-10"/>
      </object_component>
      <object_component id="oc-206">
         <name>.text</name>
         <load_address>0x3f1a5d</load_address>
         <run_address>0x3f1a5d</run_address>
         <size>0x79c</size>
         <input_file_ref idref="fl-b"/>
      </object_component>
      <object_component id="oc-1f9">
         <name>.text</name>
         <load_address>0x3f21f9</load_address>
         <run_address>0x3f21f9</run_address>
         <size>0x462</size>
         <input_file_ref idref="fl-20"/>
      </object_component>
      <object_component id="oc-216">
         <name>.text</name>
         <load_address>0x3f265b</load_address>
         <run_address>0x3f265b</run_address>
         <size>0x41e</size>
         <input_file_ref idref="fl-67"/>
      </object_component>
      <object_component id="oc-207">
         <name>.text</name>
         <load_address>0x3f2a79</load_address>
         <run_address>0x3f2a79</run_address>
         <size>0x2f7</size>
         <input_file_ref idref="fl-18"/>
      </object_component>
      <object_component id="oc-1fa">
         <name>.text</name>
         <load_address>0x3f2d70</load_address>
         <run_address>0x3f2d70</run_address>
         <size>0x272</size>
         <input_file_ref idref="fl-25"/>
      </object_component>
      <object_component id="oc-203">
         <name>.text:_STPOSCONV_run</name>
         <load_address>0x3f2fe2</load_address>
         <run_address>0x3f2fe2</run_address>
         <size>0x1f2</size>
         <input_file_ref idref="fl-53"/>
      </object_component>
      <object_component id="oc-20b">
         <name>.text</name>
         <load_address>0x3f31d4</load_address>
         <run_address>0x3f31d4</run_address>
         <size>0x1ee</size>
         <input_file_ref idref="fl-6"/>
      </object_component>
      <object_component id="oc-208">
         <name>.text</name>
         <load_address>0x3f33c2</load_address>
         <run_address>0x3f33c2</run_address>
         <size>0x18a</size>
         <input_file_ref idref="fl-9"/>
      </object_component>
      <object_component id="oc-214">
         <name>.text</name>
         <load_address>0x3f354c</load_address>
         <run_address>0x3f354c</run_address>
         <size>0x187</size>
         <input_file_ref idref="fl-64"/>
      </object_component>
      <object_component id="oc-1f2">
         <name>.text</name>
         <load_address>0x3f36d3</load_address>
         <run_address>0x3f36d3</run_address>
         <size>0x184</size>
         <input_file_ref idref="fl-c"/>
      </object_component>
      <object_component id="oc-1e8">
         <name>.text</name>
         <load_address>0x3f3857</load_address>
         <run_address>0x3f3857</run_address>
         <size>0x171</size>
         <input_file_ref idref="fl-f"/>
      </object_component>
      <object_component id="oc-10c">
         <name>.text:retain</name>
         <load_address>0x3f39c8</load_address>
         <run_address>0x3f39c8</run_address>
         <size>0x11f</size>
         <input_file_ref idref="fl-24"/>
      </object_component>
      <object_component id="oc-20a">
         <name>.text</name>
         <load_address>0x3f3ae7</load_address>
         <run_address>0x3f3ae7</run_address>
         <size>0xff</size>
         <input_file_ref idref="fl-16"/>
      </object_component>
      <object_component id="oc-1f4">
         <name>.text</name>
         <load_address>0x3f3be6</load_address>
         <run_address>0x3f3be6</run_address>
         <size>0xb2</size>
         <input_file_ref idref="fl-26"/>
      </object_component>
      <object_component id="oc-1ea">
         <name>.text</name>
         <load_address>0x3f3c98</load_address>
         <run_address>0x3f3c98</run_address>
         <size>0xa9</size>
         <input_file_ref idref="fl-1c"/>
      </object_component>
      <object_component id="oc-131">
         <name>.text</name>
         <load_address>0x3f3d41</load_address>
         <run_address>0x3f3d41</run_address>
         <size>0x9c</size>
         <input_file_ref idref="fl-31"/>
      </object_component>
      <object_component id="oc-122">
         <name>.text</name>
         <load_address>0x3f3ddd</load_address>
         <run_address>0x3f3ddd</run_address>
         <size>0x8b</size>
         <input_file_ref idref="fl-2e"/>
      </object_component>
      <object_component id="oc-127">
         <name>.text</name>
         <load_address>0x3f3e68</load_address>
         <run_address>0x3f3e68</run_address>
         <size>0x83</size>
         <input_file_ref idref="fl-2f"/>
      </object_component>
      <object_component id="oc-14a">
         <name>.text</name>
         <load_address>0x3f3eeb</load_address>
         <run_address>0x3f3eeb</run_address>
         <size>0x83</size>
         <input_file_ref idref="fl-36"/>
      </object_component>
      <object_component id="oc-140">
         <name>.text</name>
         <load_address>0x3f3f6e</load_address>
         <run_address>0x3f3f6e</run_address>
         <size>0x78</size>
         <input_file_ref idref="fl-34"/>
      </object_component>
      <object_component id="oc-213">
         <name>.text</name>
         <load_address>0x3f3fe6</load_address>
         <run_address>0x3f3fe6</run_address>
         <size>0x75</size>
         <input_file_ref idref="fl-6b"/>
      </object_component>
      <object_component id="oc-215">
         <name>.text</name>
         <load_address>0x3f405b</load_address>
         <run_address>0x3f405b</run_address>
         <size>0x69</size>
         <input_file_ref idref="fl-60"/>
      </object_component>
      <object_component id="oc-1f0">
         <name>.text</name>
         <load_address>0x3f40c4</load_address>
         <run_address>0x3f40c4</run_address>
         <size>0x64</size>
         <input_file_ref idref="fl-22"/>
      </object_component>
      <object_component id="oc-21d">
         <name>.text</name>
         <load_address>0x3f4128</load_address>
         <run_address>0x3f4128</run_address>
         <size>0x5d</size>
         <input_file_ref idref="fl-68"/>
      </object_component>
      <object_component id="oc-209">
         <name>.text</name>
         <load_address>0x3f4185</load_address>
         <run_address>0x3f4185</run_address>
         <size>0x5b</size>
         <input_file_ref idref="fl-17"/>
      </object_component>
      <object_component id="oc-14f">
         <name>.text</name>
         <load_address>0x3f41e0</load_address>
         <run_address>0x3f41e0</run_address>
         <size>0x5a</size>
         <input_file_ref idref="fl-37"/>
      </object_component>
      <object_component id="oc-1fb">
         <name>.text</name>
         <load_address>0x3f423a</load_address>
         <run_address>0x3f423a</run_address>
         <size>0x57</size>
         <input_file_ref idref="fl-7"/>
      </object_component>
      <object_component id="oc-53">
         <name>.text</name>
         <load_address>0x3f4291</load_address>
         <run_address>0x3f4291</run_address>
         <size>0x54</size>
         <input_file_ref idref="fl-5c"/>
      </object_component>
      <object_component id="oc-1f5">
         <name>.text</name>
         <load_address>0x3f42e5</load_address>
         <run_address>0x3f42e5</run_address>
         <size>0x4f</size>
         <input_file_ref idref="fl-27"/>
      </object_component>
      <object_component id="oc-210">
         <name>.text</name>
         <load_address>0x3f4334</load_address>
         <run_address>0x3f4334</run_address>
         <size>0x46</size>
         <input_file_ref idref="fl-21"/>
      </object_component>
      <object_component id="oc-212">
         <name>.text</name>
         <load_address>0x3f437a</load_address>
         <run_address>0x3f437a</run_address>
         <size>0x44</size>
         <input_file_ref idref="fl-19"/>
      </object_component>
      <object_component id="oc-218">
         <name>.text:_ST_addPosRollOver</name>
         <load_address>0x3f43be</load_address>
         <run_address>0x3f43be</run_address>
         <size>0x3c</size>
         <input_file_ref idref="fl-54"/>
      </object_component>
      <object_component id="oc-204">
         <name>.text:_STPOSCONV_init</name>
         <load_address>0x3f43fa</load_address>
         <run_address>0x3f43fa</run_address>
         <size>0x35</size>
         <input_file_ref idref="fl-53"/>
      </object_component>
      <object_component id="oc-1ec">
         <name>.text</name>
         <load_address>0x3f442f</load_address>
         <run_address>0x3f442f</run_address>
         <size>0x32</size>
         <input_file_ref idref="fl-1e"/>
      </object_component>
      <object_component id="oc-205">
         <name>.text:_ST_initVersion</name>
         <load_address>0x3f4461</load_address>
         <run_address>0x3f4461</run_address>
         <size>0x31</size>
         <input_file_ref idref="fl-55"/>
      </object_component>
      <object_component id="oc-20c">
         <name>.text</name>
         <load_address>0x3f4492</load_address>
         <run_address>0x3f4492</run_address>
         <size>0x2d</size>
         <input_file_ref idref="fl-13"/>
      </object_component>
      <object_component id="oc-1e7">
         <name>.text</name>
         <load_address>0x3f44bf</load_address>
         <run_address>0x3f44bf</run_address>
         <size>0x29</size>
         <input_file_ref idref="fl-62"/>
      </object_component>
      <object_component id="oc-163">
         <name>.text</name>
         <load_address>0x3f44e8</load_address>
         <run_address>0x3f44e8</run_address>
         <size>0x29</size>
         <input_file_ref idref="fl-3b"/>
      </object_component>
      <object_component id="oc-20d">
         <name>.text</name>
         <load_address>0x3f4511</load_address>
         <run_address>0x3f4511</run_address>
         <size>0x25</size>
         <input_file_ref idref="fl-a"/>
      </object_component>
      <object_component id="oc-15e">
         <name>.text</name>
         <load_address>0x3f4536</load_address>
         <run_address>0x3f4536</run_address>
         <size>0x25</size>
         <input_file_ref idref="fl-3a"/>
      </object_component>
      <object_component id="oc-1e4">
         <name>.text</name>
         <load_address>0x3f455b</load_address>
         <run_address>0x3f455b</run_address>
         <size>0x24</size>
         <input_file_ref idref="fl-61"/>
      </object_component>
      <object_component id="oc-1f1">
         <name>.text</name>
         <load_address>0x3f457f</load_address>
         <run_address>0x3f457f</run_address>
         <size>0x21</size>
         <input_file_ref idref="fl-d"/>
      </object_component>
      <object_component id="oc-16d">
         <name>.text</name>
         <load_address>0x3f45a0</load_address>
         <run_address>0x3f45a0</run_address>
         <size>0x21</size>
         <input_file_ref idref="fl-3d"/>
      </object_component>
      <object_component id="oc-211">
         <name>.text</name>
         <load_address>0x3f45c1</load_address>
         <run_address>0x3f45c1</run_address>
         <size>0x20</size>
         <input_file_ref idref="fl-e"/>
      </object_component>
      <object_component id="oc-136">
         <name>.text</name>
         <load_address>0x3f45e1</load_address>
         <run_address>0x3f45e1</run_address>
         <size>0x1f</size>
         <input_file_ref idref="fl-32"/>
      </object_component>
      <object_component id="oc-168">
         <name>.text</name>
         <load_address>0x3f4600</load_address>
         <run_address>0x3f4600</run_address>
         <size>0x1d</size>
         <input_file_ref idref="fl-3c"/>
      </object_component>
      <object_component id="oc-1ed">
         <name>.text</name>
         <load_address>0x3f461d</load_address>
         <run_address>0x3f461d</run_address>
         <size>0x1d</size>
         <input_file_ref idref="fl-66"/>
      </object_component>
      <object_component id="oc-159">
         <name>.text</name>
         <load_address>0x3f463a</load_address>
         <run_address>0x3f463a</run_address>
         <size>0x1c</size>
         <input_file_ref idref="fl-39"/>
      </object_component>
      <object_component id="oc-13b">
         <name>.text</name>
         <load_address>0x3f4656</load_address>
         <run_address>0x3f4656</run_address>
         <size>0x1b</size>
         <input_file_ref idref="fl-33"/>
      </object_component>
      <object_component id="oc-172">
         <name>.text</name>
         <load_address>0x3f4671</load_address>
         <run_address>0x3f4671</run_address>
         <size>0x1a</size>
         <input_file_ref idref="fl-3e"/>
      </object_component>
      <object_component id="oc-177">
         <name>.text</name>
         <load_address>0x3f468b</load_address>
         <run_address>0x3f468b</run_address>
         <size>0x1a</size>
         <input_file_ref idref="fl-3f"/>
      </object_component>
      <object_component id="oc-1e6">
         <name>.text</name>
         <load_address>0x3f46a5</load_address>
         <run_address>0x3f46a5</run_address>
         <size>0x19</size>
         <input_file_ref idref="fl-5d"/>
      </object_component>
      <object_component id="oc-1f6">
         <name>.text</name>
         <load_address>0x3f46be</load_address>
         <run_address>0x3f46be</run_address>
         <size>0x19</size>
         <input_file_ref idref="fl-1b"/>
      </object_component>
      <object_component id="oc-145">
         <name>.text</name>
         <load_address>0x3f46d7</load_address>
         <run_address>0x3f46d7</run_address>
         <size>0x17</size>
         <input_file_ref idref="fl-35"/>
      </object_component>
      <object_component id="oc-181">
         <name>.text</name>
         <load_address>0x3f46ee</load_address>
         <run_address>0x3f46ee</run_address>
         <size>0x16</size>
         <input_file_ref idref="fl-41"/>
      </object_component>
      <object_component id="oc-186">
         <name>.text</name>
         <load_address>0x3f4704</load_address>
         <run_address>0x3f4704</run_address>
         <size>0x13</size>
         <input_file_ref idref="fl-42"/>
      </object_component>
      <object_component id="oc-17c">
         <name>.text</name>
         <load_address>0x3f4717</load_address>
         <run_address>0x3f4717</run_address>
         <size>0x10</size>
         <input_file_ref idref="fl-40"/>
      </object_component>
      <object_component id="oc-1f7">
         <name>.text</name>
         <load_address>0x3f4727</load_address>
         <run_address>0x3f4727</run_address>
         <size>0xf</size>
         <input_file_ref idref="fl-12"/>
      </object_component>
      <object_component id="oc-12c">
         <name>.text</name>
         <load_address>0x3f4736</load_address>
         <run_address>0x3f4736</run_address>
         <size>0xe</size>
         <input_file_ref idref="fl-30"/>
      </object_component>
      <object_component id="oc-1fe">
         <name>.text</name>
         <load_address>0x3f4744</load_address>
         <run_address>0x3f4744</run_address>
         <size>0xd</size>
         <input_file_ref idref="fl-15"/>
      </object_component>
      <object_component id="oc-21e">
         <name>.text</name>
         <load_address>0x3f4751</load_address>
         <run_address>0x3f4751</run_address>
         <size>0xa</size>
         <input_file_ref idref="fl-69"/>
      </object_component>
      <object_component id="oc-201">
         <name>.text</name>
         <load_address>0x3f475b</load_address>
         <run_address>0x3f475b</run_address>
         <size>0x9</size>
         <input_file_ref idref="fl-63"/>
      </object_component>
      <object_component id="oc-65">
         <name>.text</name>
         <load_address>0x3f4764</load_address>
         <run_address>0x3f4764</run_address>
         <size>0x8</size>
         <input_file_ref idref="fl-5"/>
      </object_component>
      <object_component id="oc-200">
         <name>.text</name>
         <load_address>0x3f476c</load_address>
         <run_address>0x3f476c</run_address>
         <size>0x7</size>
         <input_file_ref idref="fl-1d"/>
      </object_component>
      <object_component id="oc-1fc">
         <name>.text</name>
         <load_address>0x3f4773</load_address>
         <run_address>0x3f4773</run_address>
         <size>0x6</size>
         <input_file_ref idref="fl-8"/>
      </object_component>
      <object_component id="oc-1ff">
         <name>.text</name>
         <load_address>0x3f4779</load_address>
         <run_address>0x3f4779</run_address>
         <size>0x6</size>
         <input_file_ref idref="fl-11"/>
      </object_component>
      <object_component id="oc-1fd">
         <name>.text</name>
         <load_address>0x3f477f</load_address>
         <run_address>0x3f477f</run_address>
         <size>0x6</size>
         <input_file_ref idref="fl-14"/>
      </object_component>
      <object_component id="oc-20f">
         <name>.text</name>
         <load_address>0x3f4785</load_address>
         <run_address>0x3f4785</run_address>
         <size>0x6</size>
         <input_file_ref idref="fl-1a"/>
      </object_component>
      <object_component id="oc-c1">
         <name>.text:retain</name>
         <load_address>0x3f478b</load_address>
         <run_address>0x3f478b</run_address>
         <size>0x5</size>
         <input_file_ref idref="fl-16"/>
      </object_component>
      <object_component id="oc-154">
         <name>.text</name>
         <load_address>0x3f4790</load_address>
         <run_address>0x3f4790</run_address>
         <size>0x5</size>
         <input_file_ref idref="fl-38"/>
      </object_component>
      <object_component id="oc-1e3">
         <name>.text</name>
         <load_address>0x3f4795</load_address>
         <run_address>0x3f4795</run_address>
         <size>0x2</size>
         <input_file_ref idref="fl-5f"/>
      </object_component>
      <object_component id="oc-1e5">
         <name>.text</name>
         <load_address>0x3f4797</load_address>
         <run_address>0x3f4797</run_address>
         <size>0x1</size>
         <input_file_ref idref="fl-5e"/>
      </object_component>
      <object_component id="oc-66">
         <name>codestart</name>
         <load_address>0x3f7ff6</load_address>
         <run_address>0x3f7ff6</run_address>
         <size>0x2</size>
         <input_file_ref idref="fl-5"/>
      </object_component>
      <object_component id="oc-10b">
         <name>ramfuncs:retain</name>
         <load_address>0x3e8000</load_address>
         <run_address>0x8000</run_address>
         <size>0x237</size>
         <input_file_ref idref="fl-24"/>
      </object_component>
      <object_component id="oc-219">
         <name>ramfuncs</name>
         <load_address>0x3e8237</load_address>
         <run_address>0x8237</run_address>
         <size>0x32</size>
         <input_file_ref idref="fl-e"/>
      </object_component>
      <object_component id="oc-20e">
         <name>ramfuncs</name>
         <load_address>0x3e8269</load_address>
         <run_address>0x8269</run_address>
         <size>0x1e</size>
         <input_file_ref idref="fl-10"/>
      </object_component>
      <object_component id="oc-ee">
         <name>ramfuncs</name>
         <load_address>0x3e8287</load_address>
         <run_address>0x8287</run_address>
         <size>0x4</size>
         <input_file_ref idref="fl-1f"/>
      </object_component>
      <object_component id="oc-191">
         <name>.stack</name>
         <uninitialized>true</uninitialized>
         <run_address>0x50</run_address>
         <size>0x0</size>
         <input_file_ref idref="fl-5c"/>
      </object_component>
      <object_component id="oc-279">
         <name>.stack</name>
         <uninitialized>true</uninitialized>
         <run_address>0x50</run_address>
         <size>0x0</size>
      </object_component>
      <object_component id="oc-81">
         <name>.ebss</name>
         <uninitialized>true</uninitialized>
         <run_address>0x95e4</run_address>
         <size>0x1</size>
         <input_file_ref idref="fl-a"/>
      </object_component>
      <object_component id="oc-88">
         <name>.ebss</name>
         <uninitialized>true</uninitialized>
         <run_address>0x95e2</run_address>
         <size>0x2</size>
         <input_file_ref idref="fl-b"/>
      </object_component>
      <object_component id="oc-10a">
         <name>.ebss</name>
         <uninitialized>true</uninitialized>
         <run_address>0x8c00</run_address>
         <size>0x9d8</size>
         <input_file_ref idref="fl-24"/>
      </object_component>
      <object_component id="oc-1b3">
         <name>.ebss</name>
         <uninitialized>true</uninitialized>
         <run_address>0x95d8</run_address>
         <size>0x6</size>
         <input_file_ref idref="fl-62"/>
      </object_component>
      <object_component id="oc-217">
         <name>.ebss:__unlock</name>
         <uninitialized>true</uninitialized>
         <run_address>0x95e0</run_address>
         <size>0x2</size>
         <input_file_ref idref="fl-63"/>
      </object_component>
      <object_component id="oc-1ee">
         <name>.ebss:__lock</name>
         <uninitialized>true</uninitialized>
         <run_address>0x95de</run_address>
         <size>0x2</size>
         <input_file_ref idref="fl-63"/>
      </object_component>
      <object_component id="oc-1c5">
         <name>.ebss</name>
         <uninitialized>true</uninitialized>
         <run_address>0x95e5</run_address>
         <size>0x1</size>
         <input_file_ref idref="fl-65"/>
      </object_component>
      <object_component id="oc-1e9">
         <name>.econst:_crc32_table</name>
         <load_address>0x3f4798</load_address>
         <run_address>0x3f4798</run_address>
         <size>0x200</size>
         <input_file_ref idref="fl-24"/>
      </object_component>
      <object_component id="oc-1cd">
         <name>.econst</name>
         <load_address>0x3f4998</load_address>
         <run_address>0x3f4998</run_address>
         <size>0x32</size>
         <input_file_ref idref="fl-67"/>
      </object_component>
      <object_component id="oc-10d">
         <name>.econst</name>
         <load_address>0x3f49ca</load_address>
         <run_address>0x3f49ca</run_address>
         <size>0x10</size>
         <input_file_ref idref="fl-24"/>
      </object_component>
      <object_component id="oc-1be">
         <name>.econst</name>
         <load_address>0x3f49da</load_address>
         <run_address>0x3f49da</run_address>
         <size>0x10</size>
         <input_file_ref idref="fl-64"/>
      </object_component>
      <object_component id="oc-113">
         <name>.econst</name>
         <load_address>0x3f49ea</load_address>
         <run_address>0x3f49ea</run_address>
         <size>0x8</size>
         <input_file_ref idref="fl-25"/>
      </object_component>
      <object_component id="oc-1d3">
         <name>.econst</name>
         <load_address>0x3f49f2</load_address>
         <run_address>0x3f49f2</run_address>
         <size>0x6</size>
         <input_file_ref idref="fl-68"/>
      </object_component>
      <object_component id="oc-21a">
         <name>.econst:_bp</name>
         <load_address>0x3f49f8</load_address>
         <run_address>0x3f49f8</run_address>
         <size>0x4</size>
         <input_file_ref idref="fl-67"/>
      </object_component>
      <object_component id="oc-21b">
         <name>.econst:_dp_h</name>
         <load_address>0x3f49fc</load_address>
         <run_address>0x3f49fc</run_address>
         <size>0x4</size>
         <input_file_ref idref="fl-67"/>
      </object_component>
      <object_component id="oc-21c">
         <name>.econst:_dp_l</name>
         <load_address>0x3f4a00</load_address>
         <run_address>0x3f4a00</run_address>
         <size>0x4</size>
         <input_file_ref idref="fl-67"/>
      </object_component>
      <object_component id="oc-71">
         <name>.econst</name>
         <load_address>0x3f4a04</load_address>
         <run_address>0x3f4a04</run_address>
         <size>0x4</size>
         <input_file_ref idref="fl-7"/>
      </object_component>
      <object_component id="oc-a2">
         <name>.econst</name>
         <load_address>0x3f4a08</load_address>
         <run_address>0x3f4a08</run_address>
         <size>0x4</size>
         <input_file_ref idref="fl-10"/>
      </object_component>
      <object_component id="oc-1de">
         <name>.econst</name>
         <load_address>0x3f4a0c</load_address>
         <run_address>0x3f4a0c</run_address>
         <size>0x4</size>
         <input_file_ref idref="fl-6b"/>
      </object_component>
      <object_component id="oc-f4">
         <name>.econst</name>
         <load_address>0x3f4a10</load_address>
         <run_address>0x3f4a10</run_address>
         <size>0x4</size>
         <input_file_ref idref="fl-20"/>
      </object_component>
      <object_component id="oc-1f3">
         <name>.econst:_gNumIsrTicksPerPosConvTick</name>
         <load_address>0x3f4a14</load_address>
         <run_address>0x3f4a14</run_address>
         <size>0x2</size>
         <input_file_ref idref="fl-24"/>
      </object_component>
      <object_component id="oc-1a7">
         <name>.econst</name>
         <load_address>0x3f4a16</load_address>
         <run_address>0x3f4a16</run_address>
         <size>0x2</size>
         <input_file_ref idref="fl-60"/>
      </object_component>
      <object_component id="oc-18d">
         <name>IQmath</name>
         <load_address>0x3f4b94</load_address>
         <run_address>0x3f4b94</run_address>
         <size>0x47</size>
         <input_file_ref idref="fl-58"/>
      </object_component>
      <object_component id="oc-18f">
         <name>IQmath</name>
         <load_address>0x3f4bdb</load_address>
         <run_address>0x3f4bdb</run_address>
         <size>0x42</size>
         <input_file_ref idref="fl-5a"/>
      </object_component>
      <object_component id="oc-18e">
         <name>IQmath</name>
         <load_address>0x3f4c1d</load_address>
         <run_address>0x3f4c1d</run_address>
         <size>0x29</size>
         <input_file_ref idref="fl-59"/>
      </object_component>
      <object_component id="oc-18b">
         <name>IQmath</name>
         <load_address>0x3f4c46</load_address>
         <run_address>0x3f4c46</run_address>
         <size>0x27</size>
         <input_file_ref idref="fl-56"/>
      </object_component>
      <object_component id="oc-190">
         <name>IQmath</name>
         <load_address>0x3f4c6d</load_address>
         <run_address>0x3f4c6d</run_address>
         <size>0x14</size>
         <input_file_ref idref="fl-5b"/>
      </object_component>
      <object_component id="oc-18c">
         <name>IQmathTables</name>
         <load_address>0x3fdc30</load_address>
         <run_address>0x3fdc30</run_address>
         <size>0xb50</size>
         <input_file_ref idref="fl-57"/>
      </object_component>
      <object_component id="oc-192">
         <name>.reset</name>
         <load_address>0x3fffc0</load_address>
         <run_address>0x3fffc0</run_address>
         <size>0x2</size>
         <input_file_ref idref="fl-5c"/>
      </object_component>
      <object_component id="oc-67">
         <name>.debug_info</name>
         <load_address>0x0</load_address>
         <run_address>0x0</run_address>
         <size>0x267</size>
         <input_file_ref idref="fl-5"/>
      </object_component>
      <object_component id="oc-6b">
         <name>.debug_info</name>
         <load_address>0x267</load_address>
         <run_address>0x267</run_address>
         <size>0x4be9</size>
         <input_file_ref idref="fl-6"/>
      </object_component>
      <object_component id="oc-70">
         <name>.debug_info</name>
         <load_address>0x4e50</load_address>
         <run_address>0x4e50</run_address>
         <size>0x8e5</size>
         <input_file_ref idref="fl-7"/>
      </object_component>
      <object_component id="oc-76">
         <name>.debug_info</name>
         <load_address>0x5735</load_address>
         <run_address>0x5735</run_address>
         <size>0x558</size>
         <input_file_ref idref="fl-8"/>
      </object_component>
      <object_component id="oc-7b">
         <name>.debug_info</name>
         <load_address>0x5c8d</load_address>
         <run_address>0x5c8d</run_address>
         <size>0x5904</size>
         <input_file_ref idref="fl-9"/>
      </object_component>
      <object_component id="oc-80">
         <name>.debug_info</name>
         <load_address>0xb591</load_address>
         <run_address>0xb591</run_address>
         <size>0x131b</size>
         <input_file_ref idref="fl-a"/>
      </object_component>
      <object_component id="oc-86">
         <name>.debug_info</name>
         <load_address>0xc8ac</load_address>
         <run_address>0xc8ac</run_address>
         <size>0x9342</size>
         <input_file_ref idref="fl-b"/>
      </object_component>
      <object_component id="oc-8d">
         <name>.debug_info</name>
         <load_address>0x15bee</load_address>
         <run_address>0x15bee</run_address>
         <size>0x12e8</size>
         <input_file_ref idref="fl-c"/>
      </object_component>
      <object_component id="oc-92">
         <name>.debug_info</name>
         <load_address>0x16ed6</load_address>
         <run_address>0x16ed6</run_address>
         <size>0xe9c</size>
         <input_file_ref idref="fl-d"/>
      </object_component>
      <object_component id="oc-97">
         <name>.debug_info</name>
         <load_address>0x17d72</load_address>
         <run_address>0x17d72</run_address>
         <size>0x244a</size>
         <input_file_ref idref="fl-e"/>
      </object_component>
      <object_component id="oc-9c">
         <name>.debug_info</name>
         <load_address>0x1a1bc</load_address>
         <run_address>0x1a1bc</run_address>
         <size>0x3a9e</size>
         <input_file_ref idref="fl-f"/>
      </object_component>
      <object_component id="oc-a1">
         <name>.debug_info</name>
         <load_address>0x1dc5a</load_address>
         <run_address>0x1dc5a</run_address>
         <size>0x151cf</size>
         <input_file_ref idref="fl-10"/>
      </object_component>
      <object_component id="oc-a7">
         <name>.debug_info</name>
         <load_address>0x32e29</load_address>
         <run_address>0x32e29</run_address>
         <size>0x501</size>
         <input_file_ref idref="fl-11"/>
      </object_component>
      <object_component id="oc-ac">
         <name>.debug_info</name>
         <load_address>0x3332a</load_address>
         <run_address>0x3332a</run_address>
         <size>0x4fc</size>
         <input_file_ref idref="fl-12"/>
      </object_component>
      <object_component id="oc-b1">
         <name>.debug_info</name>
         <load_address>0x33826</load_address>
         <run_address>0x33826</run_address>
         <size>0xb0b</size>
         <input_file_ref idref="fl-13"/>
      </object_component>
      <object_component id="oc-b6">
         <name>.debug_info</name>
         <load_address>0x34331</load_address>
         <run_address>0x34331</run_address>
         <size>0x4f7</size>
         <input_file_ref idref="fl-14"/>
      </object_component>
      <object_component id="oc-bb">
         <name>.debug_info</name>
         <load_address>0x34828</load_address>
         <run_address>0x34828</run_address>
         <size>0x63e</size>
         <input_file_ref idref="fl-15"/>
      </object_component>
      <object_component id="oc-c0">
         <name>.debug_info</name>
         <load_address>0x34e66</load_address>
         <run_address>0x34e66</run_address>
         <size>0x4c5e</size>
         <input_file_ref idref="fl-16"/>
      </object_component>
      <object_component id="oc-c6">
         <name>.debug_info</name>
         <load_address>0x39ac4</load_address>
         <run_address>0x39ac4</run_address>
         <size>0x1e8a</size>
         <input_file_ref idref="fl-17"/>
      </object_component>
      <object_component id="oc-cb">
         <name>.debug_info</name>
         <load_address>0x3b94e</load_address>
         <run_address>0x3b94e</run_address>
         <size>0xc967</size>
         <input_file_ref idref="fl-18"/>
      </object_component>
      <object_component id="oc-d0">
         <name>.debug_info</name>
         <load_address>0x482b5</load_address>
         <run_address>0x482b5</run_address>
         <size>0x1538</size>
         <input_file_ref idref="fl-19"/>
      </object_component>
      <object_component id="oc-d5">
         <name>.debug_info</name>
         <load_address>0x497ed</load_address>
         <run_address>0x497ed</run_address>
         <size>0x745</size>
         <input_file_ref idref="fl-1a"/>
      </object_component>
      <object_component id="oc-da">
         <name>.debug_info</name>
         <load_address>0x49f32</load_address>
         <run_address>0x49f32</run_address>
         <size>0x89d</size>
         <input_file_ref idref="fl-1b"/>
      </object_component>
      <object_component id="oc-df">
         <name>.debug_info</name>
         <load_address>0x4a7cf</load_address>
         <run_address>0x4a7cf</run_address>
         <size>0x44cd</size>
         <input_file_ref idref="fl-1c"/>
      </object_component>
      <object_component id="oc-e4">
         <name>.debug_info</name>
         <load_address>0x4ec9c</load_address>
         <run_address>0x4ec9c</run_address>
         <size>0x61a</size>
         <input_file_ref idref="fl-1d"/>
      </object_component>
      <object_component id="oc-e9">
         <name>.debug_info</name>
         <load_address>0x4f2b6</load_address>
         <run_address>0x4f2b6</run_address>
         <size>0x1106</size>
         <input_file_ref idref="fl-1e"/>
      </object_component>
      <object_component id="oc-ef">
         <name>.debug_info</name>
         <load_address>0x503bc</load_address>
         <run_address>0x503bc</run_address>
         <size>0x1cd</size>
         <input_file_ref idref="fl-1f"/>
      </object_component>
      <object_component id="oc-f3">
         <name>.debug_info</name>
         <load_address>0x50589</load_address>
         <run_address>0x50589</run_address>
         <size>0x2c91</size>
         <input_file_ref idref="fl-20"/>
      </object_component>
      <object_component id="oc-f9">
         <name>.debug_info</name>
         <load_address>0x5321a</load_address>
         <run_address>0x5321a</run_address>
         <size>0x1578</size>
         <input_file_ref idref="fl-21"/>
      </object_component>
      <object_component id="oc-fe">
         <name>.debug_info</name>
         <load_address>0x54792</load_address>
         <run_address>0x54792</run_address>
         <size>0x89f</size>
         <input_file_ref idref="fl-22"/>
      </object_component>
      <object_component id="oc-103">
         <name>.debug_info</name>
         <load_address>0x55031</load_address>
         <run_address>0x55031</run_address>
         <size>0xa421</size>
         <input_file_ref idref="fl-23"/>
      </object_component>
      <object_component id="oc-108">
         <name>.debug_info</name>
         <load_address>0x5f452</load_address>
         <run_address>0x5f452</run_address>
         <size>0xf0e6</size>
         <input_file_ref idref="fl-24"/>
      </object_component>
      <object_component id="oc-112">
         <name>.debug_info</name>
         <load_address>0x6e538</load_address>
         <run_address>0x6e538</run_address>
         <size>0x75a9</size>
         <input_file_ref idref="fl-25"/>
      </object_component>
      <object_component id="oc-118">
         <name>.debug_info</name>
         <load_address>0x75ae1</load_address>
         <run_address>0x75ae1</run_address>
         <size>0x19f8</size>
         <input_file_ref idref="fl-26"/>
      </object_component>
      <object_component id="oc-11d">
         <name>.debug_info</name>
         <load_address>0x774d9</load_address>
         <run_address>0x774d9</run_address>
         <size>0xc3b</size>
         <input_file_ref idref="fl-27"/>
      </object_component>
      <object_component id="oc-123">
         <name>.debug_info</name>
         <load_address>0x78114</load_address>
         <run_address>0x78114</run_address>
         <size>0x10c</size>
         <input_file_ref idref="fl-2e"/>
      </object_component>
      <object_component id="oc-128">
         <name>.debug_info</name>
         <load_address>0x78220</load_address>
         <run_address>0x78220</run_address>
         <size>0x10c</size>
         <input_file_ref idref="fl-2f"/>
      </object_component>
      <object_component id="oc-12d">
         <name>.debug_info</name>
         <load_address>0x7832c</load_address>
         <run_address>0x7832c</run_address>
         <size>0x11a</size>
         <input_file_ref idref="fl-30"/>
      </object_component>
      <object_component id="oc-132">
         <name>.debug_info</name>
         <load_address>0x78446</load_address>
         <run_address>0x78446</run_address>
         <size>0x10c</size>
         <input_file_ref idref="fl-31"/>
      </object_component>
      <object_component id="oc-137">
         <name>.debug_info</name>
         <load_address>0x78552</load_address>
         <run_address>0x78552</run_address>
         <size>0x10c</size>
         <input_file_ref idref="fl-32"/>
      </object_component>
      <object_component id="oc-13c">
         <name>.debug_info</name>
         <load_address>0x7865e</load_address>
         <run_address>0x7865e</run_address>
         <size>0x10f</size>
         <input_file_ref idref="fl-33"/>
      </object_component>
      <object_component id="oc-141">
         <name>.debug_info</name>
         <load_address>0x7876d</load_address>
         <run_address>0x7876d</run_address>
         <size>0x10c</size>
         <input_file_ref idref="fl-34"/>
      </object_component>
      <object_component id="oc-146">
         <name>.debug_info</name>
         <load_address>0x78879</load_address>
         <run_address>0x78879</run_address>
         <size>0x10c</size>
         <input_file_ref idref="fl-35"/>
      </object_component>
      <object_component id="oc-14b">
         <name>.debug_info</name>
         <load_address>0x78985</load_address>
         <run_address>0x78985</run_address>
         <size>0x10c</size>
         <input_file_ref idref="fl-36"/>
      </object_component>
      <object_component id="oc-150">
         <name>.debug_info</name>
         <load_address>0x78a91</load_address>
         <run_address>0x78a91</run_address>
         <size>0x10c</size>
         <input_file_ref idref="fl-37"/>
      </object_component>
      <object_component id="oc-155">
         <name>.debug_info</name>
         <load_address>0x78b9d</load_address>
         <run_address>0x78b9d</run_address>
         <size>0x10c</size>
         <input_file_ref idref="fl-38"/>
      </object_component>
      <object_component id="oc-15a">
         <name>.debug_info</name>
         <load_address>0x78ca9</load_address>
         <run_address>0x78ca9</run_address>
         <size>0x10f</size>
         <input_file_ref idref="fl-39"/>
      </object_component>
      <object_component id="oc-15f">
         <name>.debug_info</name>
         <load_address>0x78db8</load_address>
         <run_address>0x78db8</run_address>
         <size>0x118</size>
         <input_file_ref idref="fl-3a"/>
      </object_component>
      <object_component id="oc-164">
         <name>.debug_info</name>
         <load_address>0x78ed0</load_address>
         <run_address>0x78ed0</run_address>
         <size>0x118</size>
         <input_file_ref idref="fl-3b"/>
      </object_component>
      <object_component id="oc-169">
         <name>.debug_info</name>
         <load_address>0x78fe8</load_address>
         <run_address>0x78fe8</run_address>
         <size>0x118</size>
         <input_file_ref idref="fl-3c"/>
      </object_component>
      <object_component id="oc-16e">
         <name>.debug_info</name>
         <load_address>0x79100</load_address>
         <run_address>0x79100</run_address>
         <size>0x11b</size>
         <input_file_ref idref="fl-3d"/>
      </object_component>
      <object_component id="oc-173">
         <name>.debug_info</name>
         <load_address>0x7921b</load_address>
         <run_address>0x7921b</run_address>
         <size>0x116</size>
         <input_file_ref idref="fl-3e"/>
      </object_component>
      <object_component id="oc-178">
         <name>.debug_info</name>
         <load_address>0x79331</load_address>
         <run_address>0x79331</run_address>
         <size>0x116</size>
         <input_file_ref idref="fl-3f"/>
      </object_component>
      <object_component id="oc-17d">
         <name>.debug_info</name>
         <load_address>0x79447</load_address>
         <run_address>0x79447</run_address>
         <size>0x110</size>
         <input_file_ref idref="fl-40"/>
      </object_component>
      <object_component id="oc-182">
         <name>.debug_info</name>
         <load_address>0x79557</load_address>
         <run_address>0x79557</run_address>
         <size>0x113</size>
         <input_file_ref idref="fl-41"/>
      </object_component>
      <object_component id="oc-187">
         <name>.debug_info</name>
         <load_address>0x7966a</load_address>
         <run_address>0x7966a</run_address>
         <size>0x113</size>
         <input_file_ref idref="fl-42"/>
      </object_component>
      <object_component id="oc-193">
         <name>.debug_info</name>
         <load_address>0x7977d</load_address>
         <run_address>0x7977d</run_address>
         <size>0x16b</size>
         <input_file_ref idref="fl-5c"/>
      </object_component>
      <object_component id="oc-197">
         <name>.debug_info</name>
         <load_address>0x798e8</load_address>
         <run_address>0x798e8</run_address>
         <size>0x3f5</size>
         <input_file_ref idref="fl-5d"/>
      </object_component>
      <object_component id="oc-19c">
         <name>.debug_info</name>
         <load_address>0x79cdd</load_address>
         <run_address>0x79cdd</run_address>
         <size>0x338</size>
         <input_file_ref idref="fl-5e"/>
      </object_component>
      <object_component id="oc-1a1">
         <name>.debug_info</name>
         <load_address>0x7a015</load_address>
         <run_address>0x7a015</run_address>
         <size>0x33b</size>
         <input_file_ref idref="fl-5f"/>
      </object_component>
      <object_component id="oc-1a6">
         <name>.debug_info</name>
         <load_address>0x7a350</load_address>
         <run_address>0x7a350</run_address>
         <size>0x3e5</size>
         <input_file_ref idref="fl-60"/>
      </object_component>
      <object_component id="oc-1ac">
         <name>.debug_info</name>
         <load_address>0x7a735</load_address>
         <run_address>0x7a735</run_address>
         <size>0x4cd</size>
         <input_file_ref idref="fl-61"/>
      </object_component>
      <object_component id="oc-1b1">
         <name>.debug_info</name>
         <load_address>0x7ac02</load_address>
         <run_address>0x7ac02</run_address>
         <size>0x4d2</size>
         <input_file_ref idref="fl-62"/>
      </object_component>
      <object_component id="oc-1b8">
         <name>.debug_info</name>
         <load_address>0x7b0d4</load_address>
         <run_address>0x7b0d4</run_address>
         <size>0x45a</size>
         <input_file_ref idref="fl-63"/>
      </object_component>
      <object_component id="oc-1bd">
         <name>.debug_info</name>
         <load_address>0x7b52e</load_address>
         <run_address>0x7b52e</run_address>
         <size>0x71f</size>
         <input_file_ref idref="fl-64"/>
      </object_component>
      <object_component id="oc-1c3">
         <name>.debug_info</name>
         <load_address>0x7bc4d</load_address>
         <run_address>0x7bc4d</run_address>
         <size>0x1bb</size>
         <input_file_ref idref="fl-65"/>
      </object_component>
      <object_component id="oc-1c7">
         <name>.debug_info</name>
         <load_address>0x7be08</load_address>
         <run_address>0x7be08</run_address>
         <size>0x3c8</size>
         <input_file_ref idref="fl-66"/>
      </object_component>
      <object_component id="oc-1cc">
         <name>.debug_info</name>
         <load_address>0x7c1d0</load_address>
         <run_address>0x7c1d0</run_address>
         <size>0xdfd</size>
         <input_file_ref idref="fl-67"/>
      </object_component>
      <object_component id="oc-1d2">
         <name>.debug_info</name>
         <load_address>0x7cfcd</load_address>
         <run_address>0x7cfcd</run_address>
         <size>0x44c</size>
         <input_file_ref idref="fl-68"/>
      </object_component>
      <object_component id="oc-1d8">
         <name>.debug_info</name>
         <load_address>0x7d419</load_address>
         <run_address>0x7d419</run_address>
         <size>0x36a</size>
         <input_file_ref idref="fl-69"/>
      </object_component>
      <object_component id="oc-1dd">
         <name>.debug_info</name>
         <load_address>0x7d783</load_address>
         <run_address>0x7d783</run_address>
         <size>0x412</size>
         <input_file_ref idref="fl-6b"/>
      </object_component>
      <object_component id="oc-27a">
         <name>.debug_info</name>
         <load_address>0x7db95</load_address>
         <run_address>0x7db95</run_address>
         <size>0xd4</size>
      </object_component>
      <object_component id="oc-68">
         <name>.debug_line</name>
         <load_address>0x0</load_address>
         <run_address>0x0</run_address>
         <size>0xc0</size>
         <input_file_ref idref="fl-5"/>
      </object_component>
      <object_component id="oc-6d">
         <name>.debug_line</name>
         <load_address>0xc0</load_address>
         <run_address>0xc0</run_address>
         <size>0x390</size>
         <input_file_ref idref="fl-6"/>
      </object_component>
      <object_component id="oc-73">
         <name>.debug_line</name>
         <load_address>0x450</load_address>
         <run_address>0x450</run_address>
         <size>0xc3</size>
         <input_file_ref idref="fl-7"/>
      </object_component>
      <object_component id="oc-78">
         <name>.debug_line</name>
         <load_address>0x513</load_address>
         <run_address>0x513</run_address>
         <size>0x9d</size>
         <input_file_ref idref="fl-8"/>
      </object_component>
      <object_component id="oc-7d">
         <name>.debug_line</name>
         <load_address>0x5b0</load_address>
         <run_address>0x5b0</run_address>
         <size>0x5a6</size>
         <input_file_ref idref="fl-9"/>
      </object_component>
      <object_component id="oc-83">
         <name>.debug_line</name>
         <load_address>0xb56</load_address>
         <run_address>0xb56</run_address>
         <size>0x16d</size>
         <input_file_ref idref="fl-a"/>
      </object_component>
      <object_component id="oc-8a">
         <name>.debug_line</name>
         <load_address>0xcc3</load_address>
         <run_address>0xcc3</run_address>
         <size>0xa0d</size>
         <input_file_ref idref="fl-b"/>
      </object_component>
      <object_component id="oc-8f">
         <name>.debug_line</name>
         <load_address>0x16d0</load_address>
         <run_address>0x16d0</run_address>
         <size>0x1c3</size>
         <input_file_ref idref="fl-c"/>
      </object_component>
      <object_component id="oc-94">
         <name>.debug_line</name>
         <load_address>0x1893</load_address>
         <run_address>0x1893</run_address>
         <size>0x12b</size>
         <input_file_ref idref="fl-d"/>
      </object_component>
      <object_component id="oc-99">
         <name>.debug_line</name>
         <load_address>0x19be</load_address>
         <run_address>0x19be</run_address>
         <size>0x1f5</size>
         <input_file_ref idref="fl-e"/>
      </object_component>
      <object_component id="oc-9e">
         <name>.debug_line</name>
         <load_address>0x1bb3</load_address>
         <run_address>0x1bb3</run_address>
         <size>0x2cd</size>
         <input_file_ref idref="fl-f"/>
      </object_component>
      <object_component id="oc-a4">
         <name>.debug_line</name>
         <load_address>0x1e80</load_address>
         <run_address>0x1e80</run_address>
         <size>0xfaf</size>
         <input_file_ref idref="fl-10"/>
      </object_component>
      <object_component id="oc-a9">
         <name>.debug_line</name>
         <load_address>0x2e2f</load_address>
         <run_address>0x2e2f</run_address>
         <size>0x9b</size>
         <input_file_ref idref="fl-11"/>
      </object_component>
      <object_component id="oc-ae">
         <name>.debug_line</name>
         <load_address>0x2eca</load_address>
         <run_address>0x2eca</run_address>
         <size>0xa7</size>
         <input_file_ref idref="fl-12"/>
      </object_component>
      <object_component id="oc-b3">
         <name>.debug_line</name>
         <load_address>0x2f71</load_address>
         <run_address>0x2f71</run_address>
         <size>0xf5</size>
         <input_file_ref idref="fl-13"/>
      </object_component>
      <object_component id="oc-b8">
         <name>.debug_line</name>
         <load_address>0x3066</load_address>
         <run_address>0x3066</run_address>
         <size>0x99</size>
         <input_file_ref idref="fl-14"/>
      </object_component>
      <object_component id="oc-bd">
         <name>.debug_line</name>
         <load_address>0x30ff</load_address>
         <run_address>0x30ff</run_address>
         <size>0x112</size>
         <input_file_ref idref="fl-15"/>
      </object_component>
      <object_component id="oc-c3">
         <name>.debug_line</name>
         <load_address>0x3211</load_address>
         <run_address>0x3211</run_address>
         <size>0x32f</size>
         <input_file_ref idref="fl-16"/>
      </object_component>
      <object_component id="oc-c8">
         <name>.debug_line</name>
         <load_address>0x3540</load_address>
         <run_address>0x3540</run_address>
         <size>0x204</size>
         <input_file_ref idref="fl-17"/>
      </object_component>
      <object_component id="oc-cd">
         <name>.debug_line</name>
         <load_address>0x3744</load_address>
         <run_address>0x3744</run_address>
         <size>0xa52</size>
         <input_file_ref idref="fl-18"/>
      </object_component>
      <object_component id="oc-d2">
         <name>.debug_line</name>
         <load_address>0x4196</load_address>
         <run_address>0x4196</run_address>
         <size>0x12d</size>
         <input_file_ref idref="fl-19"/>
      </object_component>
      <object_component id="oc-d7">
         <name>.debug_line</name>
         <load_address>0x42c3</load_address>
         <run_address>0x42c3</run_address>
         <size>0xa3</size>
         <input_file_ref idref="fl-1a"/>
      </object_component>
      <object_component id="oc-dc">
         <name>.debug_line</name>
         <load_address>0x4366</load_address>
         <run_address>0x4366</run_address>
         <size>0xcd</size>
         <input_file_ref idref="fl-1b"/>
      </object_component>
      <object_component id="oc-e1">
         <name>.debug_line</name>
         <load_address>0x4433</load_address>
         <run_address>0x4433</run_address>
         <size>0x431</size>
         <input_file_ref idref="fl-1c"/>
      </object_component>
      <object_component id="oc-e6">
         <name>.debug_line</name>
         <load_address>0x4864</load_address>
         <run_address>0x4864</run_address>
         <size>0xae</size>
         <input_file_ref idref="fl-1d"/>
      </object_component>
      <object_component id="oc-eb">
         <name>.debug_line</name>
         <load_address>0x4912</load_address>
         <run_address>0x4912</run_address>
         <size>0x142</size>
         <input_file_ref idref="fl-1e"/>
      </object_component>
      <object_component id="oc-f0">
         <name>.debug_line</name>
         <load_address>0x4a54</load_address>
         <run_address>0x4a54</run_address>
         <size>0xa1</size>
         <input_file_ref idref="fl-1f"/>
      </object_component>
      <object_component id="oc-f6">
         <name>.debug_line</name>
         <load_address>0x4af5</load_address>
         <run_address>0x4af5</run_address>
         <size>0x28e</size>
         <input_file_ref idref="fl-20"/>
      </object_component>
      <object_component id="oc-fb">
         <name>.debug_line</name>
         <load_address>0x4d83</load_address>
         <run_address>0x4d83</run_address>
         <size>0x18c</size>
         <input_file_ref idref="fl-21"/>
      </object_component>
      <object_component id="oc-100">
         <name>.debug_line</name>
         <load_address>0x4f0f</load_address>
         <run_address>0x4f0f</run_address>
         <size>0xdb</size>
         <input_file_ref idref="fl-22"/>
      </object_component>
      <object_component id="oc-105">
         <name>.debug_line</name>
         <load_address>0x4fea</load_address>
         <run_address>0x4fea</run_address>
         <size>0x84</size>
         <input_file_ref idref="fl-23"/>
      </object_component>
      <object_component id="oc-10f">
         <name>.debug_line</name>
         <load_address>0x506e</load_address>
         <run_address>0x506e</run_address>
         <size>0x1cbf</size>
         <input_file_ref idref="fl-24"/>
      </object_component>
      <object_component id="oc-115">
         <name>.debug_line</name>
         <load_address>0x6d2d</load_address>
         <run_address>0x6d2d</run_address>
         <size>0x47e</size>
         <input_file_ref idref="fl-25"/>
      </object_component>
      <object_component id="oc-11a">
         <name>.debug_line</name>
         <load_address>0x71ab</load_address>
         <run_address>0x71ab</run_address>
         <size>0x26f</size>
         <input_file_ref idref="fl-26"/>
      </object_component>
      <object_component id="oc-11f">
         <name>.debug_line</name>
         <load_address>0x741a</load_address>
         <run_address>0x741a</run_address>
[...]
         <value>0x3f431c</value>
         <object_component_ref idref="oc-1f5"/>
      </symbol>
      <symbol id="sm-633">
         <name>FD$$DIV</name>
         <value>0x3f3ddd</value>
         <object_component_ref idref="oc-122"/>
      </symbol>
      <symbol id="sm-645">
         <name>FD$$MPY</name>
         <value>0x3f3e68</value>
         <object_component_ref idref="oc-127"/>
      </symbol>
      <symbol id="sm-651">
         <name>FD$$SUB</name>
         <value>0x3f4736</value>
         <object_component_ref idref="oc-12c"/>
      </symbol>
      <symbol id="sm-66c">
         <name>FD$$ADD</name>
         <value>0x3f3d41</value>
         <object_component_ref idref="oc-131"/>
      </symbol>
      <symbol id="sm-67b">
         <name>FD$$TOL</name>
         <value>0x3f45e1</value>
         <object_component_ref idref="oc-136"/>
      </symbol>
      <symbol id="sm-68a">
         <name>FD$$TOUL</name>
         <value>0x3f4656</value>
         <object_component_ref idref="oc-13b"/>
      </symbol>
      <symbol id="sm-6a4">
         <name>FS$$ADD</name>
         <value>0x3f3f73</value>
         <object_component_ref idref="oc-140"/>
      </symbol>
      <symbol id="sm-6a5">
         <name>FS$$SUB</name>
         <value>0x3f3f6e</value>
         <object_component_ref idref="oc-140"/>
      </symbol>
      <symbol id="sm-6b7">
         <name>FS$$CMP</name>
         <value>0x3f46d7</value>
         <object_component_ref idref="oc-145"/>
      </symbol>
      <symbol id="sm-6c8">
         <name>FS$$DIV</name>
         <value>0x3f3eeb</value>
         <object_component_ref idref="oc-14a"/>
      </symbol>
      <symbol id="sm-6d9">
         <name>FS$$MPY</name>
         <value>0x3f41e0</value>
         <object_component_ref idref="oc-14f"/>
      </symbol>
      <symbol id="sm-6e6">
         <name>FS$$NEG</name>
         <value>0x3f4790</value>
         <object_component_ref idref="oc-154"/>
      </symbol>
      <symbol id="sm-6f6">
         <name>FS$$TOFD</name>
         <value>0x3f463a</value>
         <object_component_ref idref="oc-159"/>
      </symbol>
      <symbol id="sm-707">
         <name>FS$$TOI</name>
         <value>0x3f4536</value>
         <object_component_ref idref="oc-15e"/>
      </symbol>
      <symbol id="sm-71a">
         <name>FS$$TOL</name>
         <value>0x3f44e8</value>
         <object_component_ref idref="oc-163"/>
      </symbol>
      <symbol id="sm-72b">
         <name>FS$$TOU</name>
         <value>0x3f4600</value>
         <object_component_ref idref="oc-168"/>
      </symbol>
      <symbol id="sm-73c">
         <name>FS$$TOUL</name>
         <value>0x3f45a0</value>
         <object_component_ref idref="oc-16d"/>
      </symbol>
      <symbol id="sm-74b">
         <name>I$$TOFS</name>
         <value>0x3f4671</value>
         <object_component_ref idref="oc-172"/>
      </symbol>
      <symbol id="sm-75a">
         <name>L$$TOFS</name>
         <value>0x3f468b</value>
         <object_component_ref idref="oc-177"/>
      </symbol>
      <symbol id="sm-768">
         <name>U$$TOFS</name>
         <value>0x3f4717</value>
         <object_component_ref idref="oc-17c"/>
      </symbol>
      <symbol id="sm-779">
         <name>UL$$TOFD</name>
         <value>0x3f46ee</value>
         <object_component_ref idref="oc-181"/>
      </symbol>
      <symbol id="sm-789">
         <name>UL$$TOFS</name>
         <value>0x3f4704</value>
         <object_component_ref idref="oc-186"/>
      </symbol>
      <symbol id="sm-78b">
         <name>_CTRL_init</name>
         <value>0x3fa69d</value>
      </symbol>
      <symbol id="sm-78d">
         <name>_CTRL_setParams</name>
         <value>0x3fa866</value>
      </symbol>
      <symbol id="sm-78f">
         <name>_CTRL_setUserMotorParams</name>
         <value>0x3f9d31</value>
      </symbol>
      <symbol id="sm-791">
         <name>_CTRL_setupEstIdleState</name>
         <value>0x3f99a5</value>
      </symbol>
      <symbol id="sm-793">
         <name>_EST_getFlux_pu</name>
         <value>0x3f96ab</value>
      </symbol>
      <symbol id="sm-795">
         <name>_EST_getLs_coarse_max_pu</name>
         <value>0x3f95ff</value>
      </symbol>
      <symbol id="sm-797">
         <name>_EST_getLs_d_pu</name>
         <value>0x3f95f0</value>
      </symbol>
      <symbol id="sm-799">
         <name>_EST_getLs_q_pu</name>
         <value>0x3f95c9</value>
      </symbol>
      <symbol id="sm-79b">
         <name>_EST_init</name>
         <value>0x3f9393</value>
      </symbol>
      <symbol id="sm-79d">
         <name>_EST_setFlag_enableForceAngle</name>
         <value>0x3f8bdb</value>
      </symbol>
      <symbol id="sm-79f">
         <name>_EST_setFlag_enableRsRecalc</name>
         <value>0x3f8bd3</value>
      </symbol>
      <symbol id="sm-7a1">
         <name>_EST_setIdle</name>
         <value>0x3f8b7a</value>
      </symbol>
      <symbol id="sm-7a3">
         <name>_EST_setLs_d_pu</name>
         <value>0x3f8b45</value>
      </symbol>
      <symbol id="sm-7a5">
         <name>_EST_setLs_qFmt</name>
         <value>0x3f8af1</value>
      </symbol>
      <symbol id="sm-7a7">
         <name>_EST_setLs_q_pu</name>
         <value>0x3f8ae7</value>
      </symbol>
      <symbol id="sm-7a9">
         <name>_EST_updateState</name>
         <value>0x3f8713</value>
      </symbol>
      <symbol id="sm-7af">
         <name>_STPOSCONV_run</name>
         <value>0x3f2fe2</value>
         <object_component_ref idref="oc-203"/>
      </symbol>
      <symbol id="sm-7b0">
         <name>_STPOSCONV_init</name>
         <value>0x3f43fa</value>
         <object_component_ref idref="oc-204"/>
      </symbol>
      <symbol id="sm-7b4">
         <name>_ST_addPosRollOver</name>
         <value>0x3f43be</value>
         <object_component_ref idref="oc-218"/>
      </symbol>
      <symbol id="sm-7b8">
         <name>_ST_initVersion</name>
         <value>0x3f4461</value>
         <object_component_ref idref="oc-205"/>
      </symbol>
      <symbol id="sm-7c3">
         <name>__IQ24cosPU</name>
         <value>0x3f4c46</value>
         <object_component_ref idref="oc-18b"/>
      </symbol>
      <symbol id="sm-7c7">
         <name>_IQ16mpyRndSatTable</name>
         <value>0x3fe6c0</value>
         <object_component_ref idref="oc-18c"/>
      </symbol>
      <symbol id="sm-7c8">
         <name>_IQ24mpyRndSatTable</name>
         <value>0x3fe660</value>
         <object_component_ref idref="oc-18c"/>
      </symbol>
      <symbol id="sm-7c9">
         <name>_IQ13mpyRndSatTable</name>
         <value>0x3fe6e4</value>
         <object_component_ref idref="oc-18c"/>
      </symbol>
      <symbol id="sm-7ca">
         <name>_IQ21mpyRndSatTable</name>
         <value>0x3fe684</value>
         <object_component_ref idref="oc-18c"/>
      </symbol>
      <symbol id="sm-7cb">
         <name>_IQ10mpyRndSatTable</name>
         <value>0x3fe708</value>
         <object_component_ref idref="oc-18c"/>
      </symbol>
      <symbol id="sm-7cc">
         <name>_IQdivTable</name>
         <value>0x3fe140</value>
         <object_component_ref idref="oc-18c"/>
      </symbol>
      <symbol id="sm-7cd">
         <name>_IQ9mpyRndSatTable</name>
         <value>0x3fe714</value>
         <object_component_ref idref="oc-18c"/>
      </symbol>
      <symbol id="sm-7ce">
         <name>_IQ6mpyRndSatTable</name>
         <value>0x3fe738</value>
         <object_component_ref idref="oc-18c"/>
      </symbol>
      <symbol id="sm-7cf">
         <name>_IQatan2TableEnd</name>
         <value>0x3fe618</value>
         <object_component_ref idref="oc-18c"/>
      </symbol>
      <symbol id="sm-7d0">
         <name>_IQdivTableEnd</name>
         <value>0x3fe342</value>
         <object_component_ref idref="oc-18c"/>
      </symbol>
      <symbol id="sm-7d1">
         <name>_IQ29mpyRndSatTable</name>
         <value>0x3fe624</value>
         <object_component_ref idref="oc-18c"/>
      </symbol>
      <symbol id="sm-7d2">
         <name>_IQ3mpyRndSatTable</name>
         <value>0x3fe75c</value>
         <object_component_ref idref="oc-18c"/>
      </symbol>
      <symbol id="sm-7d3">
         <name>_IQ18mpyRndSatTable</name>
         <value>0x3fe6a8</value>
         <object_component_ref idref="oc-18c"/>
      </symbol>
      <symbol id="sm-7d4">
         <name>_IQ26mpyRndSatTable</name>
         <value>0x3fe648</value>
         <object_component_ref idref="oc-18c"/>
      </symbol>
      <symbol id="sm-7d5">
         <name>_IQcosTableEnd</name>
         <value>0x3fe132</value>
         <object_component_ref idref="oc-18c"/>
      </symbol>
      <symbol id="sm-7d6">
         <name>_IQsinTableEnd</name>
         <value>0x3fe030</value>
         <object_component_ref idref="oc-18c"/>
      </symbol>
      <symbol id="sm-7d7">
         <name>_IQ15mpyRndSatTable</name>
         <value>0x3fe6cc</value>
         <object_component_ref idref="oc-18c"/>
      </symbol>
      <symbol id="sm-7d8">
         <name>_IQ23mpyRndSatTable</name>
         <value>0x3fe66c</value>
         <object_component_ref idref="oc-18c"/>
      </symbol>
      <symbol id="sm-7d9">
         <name>_IQ12mpyRndSatTable</name>
         <value>0x3fe6f0</value>
         <object_component_ref idref="oc-18c"/>
      </symbol>
      <symbol id="sm-7da">
         <name>_IQ20mpyRndSatTable</name>
         <value>0x3fe690</value>
         <object_component_ref idref="oc-18c"/>
      </symbol>
      <symbol id="sm-7db">
         <name>_IQisqrtTableEnd</name>
         <value>0x3fe454</value>
         <object_component_ref idref="oc-18c"/>
      </symbol>
      <symbol id="sm-7dc">
         <name>_IQ8mpyRndSatTable</name>
         <value>0x3fe720</value>
         <object_component_ref idref="oc-18c"/>
      </symbol>
      <symbol id="sm-7dd">
         <name>_IQisqrtRoundSatTable</name>
         <value>0x3fe342</value>
         <object_component_ref idref="oc-18c"/>
      </symbol>
      <symbol id="sm-7de">
         <name>_IQ5mpyRndSatTable</name>
         <value>0x3fe744</value>
         <object_component_ref idref="oc-18c"/>
      </symbol>
      <symbol id="sm-7df">
         <name>_IQmpyRndSatTable</name>
         <value>0x3fe618</value>
         <object_component_ref idref="oc-18c"/>
      </symbol>
      <symbol id="sm-7e0">
         <name>_IQ28mpyRndSatTable</name>
         <value>0x3fe630</value>
         <object_component_ref idref="oc-18c"/>
      </symbol>
      <symbol id="sm-7e1">
         <name>_IQatan2Table</name>
         <value>0x3fe492</value>
         <object_component_ref idref="oc-18c"/>
      </symbol>
      <symbol id="sm-7e2">
         <name>_IQ2mpyRndSatTable</name>
         <value>0x3fe768</value>
         <object_component_ref idref="oc-18c"/>
      </symbol>
      <symbol id="sm-7e3">
         <name>_IQatan2HalfPITable</name>
         <value>0x3fe454</value>
         <object_component_ref idref="oc-18c"/>
      </symbol>
      <symbol id="sm-7e4">
         <name>_IQ17mpyRndSatTable</name>
         <value>0x3fe6b4</value>
         <object_component_ref idref="oc-18c"/>
      </symbol>
      <symbol id="sm-7e5">
         <name>_IQ25mpyRndSatTable</name>
         <value>0x3fe654</value>
         <object_component_ref idref="oc-18c"/>
      </symbol>
      <symbol id="sm-7e6">
         <name>_IQsqrtTable</name>
         <value>0x3fe352</value>
         <object_component_ref idref="oc-18c"/>
      </symbol>
      <symbol id="sm-7e7">
         <name>_IQsqrtTableEnd</name>
         <value>0x3fe454</value>
         <object_component_ref idref="oc-18c"/>
      </symbol>
      <symbol id="sm-7e8">
         <name>_IQ14mpyRndSatTable</name>
         <value>0x3fe6d8</value>
         <object_component_ref idref="oc-18c"/>
      </symbol>
      <symbol id="sm-7e9">
         <name>_IQ22mpyRndSatTable</name>
         <value>0x3fe678</value>
         <object_component_ref idref="oc-18c"/>
      </symbol>
      <symbol id="sm-7ea">
         <name>_IQ30mpyRndSatTable</name>
         <value>0x3fe618</value>
         <object_component_ref idref="oc-18c"/>
      </symbol>
      <symbol id="sm-7eb">
         <name>_IQsqrtRoundSatTable</name>
         <value>0x3fe342</value>
         <object_component_ref idref="oc-18c"/>
      </symbol>
      <symbol id="sm-7ec">
         <name>_IQ11mpyRndSatTable</name>
         <value>0x3fe6fc</value>
         <object_component_ref idref="oc-18c"/>
      </symbol>
      <symbol id="sm-7ed">
         <name>_IQdivRoundSatTable</name>
         <value>0x3fe132</value>
         <object_component_ref idref="oc-18c"/>
      </symbol>
      <symbol id="sm-7ee">
         <name>_IQ7mpyRndSatTable</name>
         <value>0x3fe72c</value>
         <object_component_ref idref="oc-18c"/>
      </symbol>
      <symbol id="sm-7ef">
         <name>_IQcosTable</name>
         <value>0x3fdd30</value>
         <object_component_ref idref="oc-18c"/>
      </symbol>
      <symbol id="sm-7f0">
         <name>_IQisqrtTable</name>
         <value>0x3fe352</value>
         <object_component_ref idref="oc-18c"/>
      </symbol>
      <symbol id="sm-7f1">
         <name>_IQ4mpyRndSatTable</name>
         <value>0x3fe750</value>
         <object_component_ref idref="oc-18c"/>
      </symbol>
      <symbol id="sm-7f2">
         <name>_IQ19mpyRndSatTable</name>
         <value>0x3fe69c</value>
         <object_component_ref idref="oc-18c"/>
      </symbol>
      <symbol id="sm-7f3">
         <name>_IQ27mpyRndSatTable</name>
         <value>0x3fe63c</value>
         <object_component_ref idref="oc-18c"/>
      </symbol>
      <symbol id="sm-7f4">
         <name>_IQmpyRndSatTableEnd</name>
         <value>0x3fe780</value>
         <object_component_ref idref="oc-18c"/>
      </symbol>
      <symbol id="sm-7f5">
         <name>_IQ1mpyRndSatTable</name>
         <value>0x3fe774</value>
         <object_component_ref idref="oc-18c"/>
      </symbol>
      <symbol id="sm-7f6">
         <name>_IQsinTable</name>
         <value>0x3fdc30</value>
         <object_component_ref idref="oc-18c"/>
      </symbol>
      <symbol id="sm-801">
         <name>__IQ24div</name>
         <value>0x3f4b94</value>
         <object_component_ref idref="oc-18d"/>
      </symbol>
      <symbol id="sm-80c">
         <name>__IQ24sinPU</name>
         <value>0x3f4c1d</value>
         <object_component_ref idref="oc-18e"/>
      </symbol>
      <symbol id="sm-816">
         <name>__IQ24sqrt</name>
         <value>0x3f4bdb</value>
         <object_component_ref idref="oc-18f"/>
      </symbol>
      <symbol id="sm-820">
         <name>__IQ30toF</name>
         <value>0x3f4c6d</value>
         <object_component_ref idref="oc-190"/>
      </symbol>
      <symbol id="sm-83b">
         <name>_c_int00</name>
         <value>0x3f4291</value>
         <object_component_ref idref="oc-53"/>
      </symbol>
      <symbol id="sm-83c">
         <name>__stack</name>
         <value>0x50</value>
         <object_component_ref idref="oc-191"/>
      </symbol>
      <symbol id="sm-84b">
         <name>__args_main</name>
         <value>0x3f46a5</value>
         <object_component_ref idref="oc-1e6"/>
      </symbol>
      <symbol id="sm-858">
         <name>__system_post_cinit</name>
         <value>0x3f4797</value>
         <object_component_ref idref="oc-1e5"/>
      </symbol>
      <symbol id="sm-864">
         <name>__system_pre_init</name>
         <value>0x3f4795</value>
         <object_component_ref idref="oc-1e3"/>
      </symbol>
      <symbol id="sm-87c">
         <name>_ceilf</name>
         <value>0x3f405b</value>
         <object_component_ref idref="oc-215"/>
      </symbol>
      <symbol id="sm-87d">
         <name>_ceil</name>
         <value>0x3f405b</value>
         <object_component_ref idref="oc-215"/>
      </symbol>
      <symbol id="sm-88c">
         <name>_copy_in</name>
         <value>0x3f455b</value>
         <object_component_ref idref="oc-1e4"/>
      </symbol>
      <symbol id="sm-8a0">
         <name>C$$EXIT</name>
         <value>0x3f44bf</value>
         <object_component_ref idref="oc-1e7"/>
      </symbol>
      <symbol id="sm-8a1">
         <name>_exit</name>
         <value>0x3f44c1</value>
         <object_component_ref idref="oc-1e7"/>
      </symbol>
      <symbol id="sm-8a2">
         <name>___TI_cleanup_ptr</name>
         <value>0x95da</value>
         <object_component_ref idref="oc-1b3"/>
      </symbol>
      <symbol id="sm-8a3">
         <name>___TI_enable_exit_profile_output</name>
         <value>0x95d8</value>
         <object_component_ref idref="oc-1b3"/>
      </symbol>
      <symbol id="sm-8a4">
         <name>_abort</name>
         <value>0x3f44bf</value>
         <object_component_ref idref="oc-1e7"/>
      </symbol>
      <symbol id="sm-8a5">
         <name>___TI_dtors_ptr</name>
         <value>0x95dc</value>
         <object_component_ref idref="oc-1b3"/>
      </symbol>
      <symbol id="sm-8b9">
         <name>__unlock</name>
         <value>0x95e0</value>
         <object_component_ref idref="oc-217"/>
      </symbol>
      <symbol id="sm-8ba">
         <name>__lock</name>
         <value>0x95de</value>
         <object_component_ref idref="oc-1ee"/>
      </symbol>
      <symbol id="sm-8bb">
         <name>__register_lock</name>
         <value>0x3f475f</value>
         <object_component_ref idref="oc-201"/>
      </symbol>
      <symbol id="sm-8bc">
         <name>__nop</name>
         <value>0x3f4763</value>
         <object_component_ref idref="oc-201"/>
      </symbol>
      <symbol id="sm-8bd">
         <name>__register_unlock</name>
         <value>0x3f475b</value>
         <object_component_ref idref="oc-201"/>
      </symbol>
      <symbol id="sm-8e5">
         <name>_logf</name>
         <value>0x3f354c</value>
         <object_component_ref idref="oc-214"/>
      </symbol>
      <symbol id="sm-8e6">
         <name>_log</name>
         <value>0x3f354c</value>
         <object_component_ref idref="oc-214"/>
      </symbol>
      <symbol id="sm-8f0">
         <name>_errno</name>
         <value>0x95e5</value>
         <object_component_ref idref="oc-1c5"/>
      </symbol>
      <symbol id="sm-901">
         <name>_memcpy</name>
         <value>0x3f461d</value>
         <object_component_ref idref="oc-1ed"/>
      </symbol>
      <symbol id="sm-95b">
         <name>_powf</name>
         <value>0x3f265b</value>
         <object_component_ref idref="oc-216"/>
      </symbol>
      <symbol id="sm-95c">
         <name>_pow</name>
         <value>0x3f265b</value>
         <object_component_ref idref="oc-216"/>
      </symbol>
      <symbol id="sm-975">
         <name>_scalbn</name>
         <value>0x3f4128</value>
         <object_component_ref idref="oc-21d"/>
      </symbol>
      <symbol id="sm-976">
         <name>_ldexp</name>
         <value>0x3f4128</value>
         <object_component_ref idref="oc-21d"/>
      </symbol>
      <symbol id="sm-977">
         <name>_scalbnf</name>
         <value>0x3f4128</value>
         <object_component_ref idref="oc-21d"/>
      </symbol>
      <symbol id="sm-978">
         <name>_ldexpf</name>
         <value>0x3f4128</value>
         <object_component_ref idref="oc-21d"/>
      </symbol>
      <symbol id="sm-984">
         <name>_copysignf</name>
         <value>0x3f4751</value>
         <object_component_ref idref="oc-21e"/>
      </symbol>
      <symbol id="sm-985">
         <name>_copysign</name>
         <value>0x3f4751</value>
         <object_component_ref idref="oc-21e"/>
      </symbol>
      <symbol id="sm-987">
         <name>_spintac_rom_ver</name>
         <value>0x3fbc6d</value>
      </symbol>
      <symbol id="sm-9a2">
         <name>_sqrtf</name>
         <value>0x3f3fe6</value>
         <object_component_ref idref="oc-213"/>
      </symbol>
      <symbol id="sm-9a3">
         <name>_sqrt</name>
         <value>0x3f3fe6</value>
         <object_component_ref idref="oc-213"/>
      </symbol>
   </symbol_table>
   <title>Link successful</title>
</link_info>
