******************************************************************************
             TMS320C2000 Linker Unix v18.1.3                   
******************************************************************************
>> Linked Mon Jul 20 09:36:33 2020

OUTPUT FILE NAME:   <dual_motor_torque_ctrl.out>
ENTRY POINT SYMBOL: "_c_int00"  address: 003f4291


MEMORY CONFIGURATION

         name            origin    length      used     unused   attr    fill
----------------------  --------  ---------  --------  --------  ----  --------
PAGE 0:
  RAML0_1               00008000   00000c00  0000028b  00000975  RWIX
  OTP                   003d7800   00000400  00000000  00000400  RWIX
  FLASHH                003d8000   00004000  00000000  00004000  RWIX
  FLASHG                003dc000   00004000  00000000  00004000  RWIX
  FLASHF                003e0000   00004000  00000000  00004000  RWIX
  FLASHE                003e4000   00004000  00000000  00004000  RWIX
  FLASHD                003e8000   00004000  0000028b  00003d75  RWIX
  FLASHC                003ec000   00004000  00000000  00004000  RWIX
  FLASHA_B              003f0000   00007f80  00004c81  000032ff  RWIX
  CSM_RSVD              003f7f80   00000076  00000000  00000076  RWIX
  BEGIN                 003f7ff6   00000002  00000002  00000000  RWIX
  CSM_PWL_P0            003f7ff8   00000008  00000000  00000008  RWIX
  FPUTABLES             003fd590   000006a0  00000000  000006a0  RWIX
  IQTABLES              003fdc30   00000b50  00000b50  00000000  RWIX
  IQTABLES2             003fe780   0000008c  00000000  0000008c  RWIX
  IQTABLES3             003fe80c   000000aa  00000000  000000aa  RWIX
  ROM                   003ff3b0   00000c10  00000000  00000c10  RWIX
  RESET                 003fffc0   00000002  00000000  00000002  RWIX
  VECTORS               003fffc2   0000003e  00000000  0000003e  RWIX

PAGE 1:
  BOOT_RSVD             00000000   00000050  00000000  00000050  RWIX
  RAMM0                 00000050   000003b0  000003b0  00000000  RWIX
  RAMM1                 00000400   00000400  00000000  00000400  RWIX
  DEV_EMU               00000880   00000105  00000000  00000105  RWIX
  SYS_PWR_CTL           00000985   00000003  00000000  00000003  RWIX
  FLASH_REGS            00000a80   00000060  00000000  00000060  RWIX
  CSM                   00000ae0   00000020  00000000  00000020  RWIX
  ADC_RESULT            00000b00   00000020  00000000  00000020  RWIX
  CPU_TIMER0            00000c00   00000008  00000000  00000008  RWIX
  CPU_TIMER1            00000c08   00000008  00000000  00000008  RWIX
  CPU_TIMER2            00000c10   00000008  00000000  00000008  RWIX
  PIE_CTRL              00000ce0   00000020  00000000  00000020  RWIX
  PIE_VECT              00000d00   00000100  00000000  00000100  RWIX
  DMA                   00001000   00000200  00000000  00000200  RWIX
  CLA1                  00001400   00000080  00000000  00000080  RWIX
  USB0                  00004000   00001000  00000000  00001000  RWIX
  McBSPA                00005000   00000040  00000000  00000040  RWIX
  ECANA                 00006000   00000040  00000000  00000040  RWIX
  ECANA_LAM             00006040   00000040  00000000  00000040  RWIX
  ECANA_MOTS            00006080   00000040  00000000  00000040  RWIX
  ECANA_MOTO            000060c0   00000040  00000000  00000040  RWIX
  ECANA_MBOX            00006100   00000100  00000000  00000100  RWIX
  COMP1                 00006400   00000020  00000000  00000020  RWIX
  COMP2                 00006420   00000020  00000000  00000020  RWIX
  COMP3                 00006440   00000020  00000000  00000020  RWIX
  EPWM1                 00006800   00000040  00000000  00000040  RWIX
  EPWM2                 00006840   00000040  00000000  00000040  RWIX
  EPWM3                 00006880   00000040  00000000  00000040  RWIX
  EPWM4                 000068c0   00000040  00000000  00000040  RWIX
  EPWM5                 00006900   00000040  00000000  00000040  RWIX
  EPWM6                 00006940   00000040  00000000  00000040  RWIX
  EPWM7                 00006980   00000040  00000000  00000040  RWIX
  EPWM8                 000069c0   00000040  00000000  00000040  RWIX
  ECAP1                 00006a00   00000020  00000000  00000020  RWIX
  ECAP2                 00006a20   00000020  00000000  00000020  RWIX
  ECAP3                 00006a40   00000020  00000000  00000020  RWIX
  HRCAP1                00006ac0   00000020  00000000  00000020  RWIX
  HRCAP2                00006ae0   00000020  00000000  00000020  RWIX
  EQEP1                 00006b00   00000040  00000000  00000040  RWIX
  EQEP2                 00006b40   00000040  00000000  00000040  RWIX
  HRCAP3                00006c80   00000020  00000000  00000020  RWIX
  HRCAP4                00006ca0   00000020  00000000  00000020  RWIX
  GPIOCTRL              00006f80   00000040  00000000  00000040  RWIX
  GPIODAT               00006fc0   00000020  00000000  00000020  RWIX
  GPIOINT               00006fe0   00000020  00000000  00000020  RWIX
  SYSTEM                00007010   00000030  00000000  00000030  RWIX
  SPIA                  00007040   00000010  00000000  00000010  RWIX
  SCIA                  00007050   00000010  00000000  00000010  RWIX
  NMIINTRUPT            00007060   00000010  00000000  00000010  RWIX
  XINTRUPT              00007070   00000010  00000000  00000010  RWIX
  ADC                   00007100   00000080  00000000  00000080  RWIX
  SPIB                  00007740   00000010  00000000  00000010  RWIX
  SCIB                  00007750   00000010  00000000  00000010  RWIX
  I2CA                  00007900   00000040  00000000  00000040  RWIX
  RAML2_3               00008c00   00001400  000009e6  00000a1a  RWIX
  RAML4                 0000a000   00002000  00000000  00002000  RWIX
  RAML5                 0000c000   00002000  00000000  00002000  RWIX
  RAML6                 0000e000   00002000  00000000  00002000  RWIX
  RAML7                 00010000   00002000  00000000  00002000  RWIX
  RAML8                 00012000   00001800  00000000  00001800  RWIX
  USB_RAM               00040000   00000800  00000000  00000800  RWIX
  PARTID                003d7e80   00000001  00000000  00000001  RWIX
  CSM_PWL               003f7ff8   00000008  00000000  00000008  RWIX


SECTION ALLOCATION MAP

 output                                  attributes/
section   page    origin      length       input sections
--------  ----  ----------  ----------   ----------------
.cinit     0    003f4a18    0000017c     
                  003f4a18    0000015a     dual_motor_torque_ctrl.obj (.cinit)
                  003f4b72    0000000e     rts2800_ml.lib : exit.c.obj (.cinit)
                  003f4b80    00000005                    : _lock.c.obj (.cinit:__lock)
                  003f4b85    00000005                    : _lock.c.obj (.cinit:__unlock)
                  003f4b8a    00000004     drv8305.obj (.cinit)
                  003f4b8e    00000004     rts2800_ml.lib : errno.c.obj (.cinit)
                  003f4b92    00000002     --HOLE-- [fill = 0]

.pinit     0    003f0000    00000000     UNINITIALIZED

ramfuncs   0    003e8000    0000028b     RUN ADDR = 00008000
                  003e8000    00000237     dual_motor_torque_ctrl.obj (ramfuncs:retain)
                  003e8237    00000032     flash.obj (ramfuncs)
                  003e8269    0000001e     hal_2mtr.obj (ramfuncs)
                  003e8287    00000004     usDelay.obj (ramfuncs)

.text      0    003f0000    00004798     
                  003f0000    00000e6c     dual_motor_torque_ctrl.obj (.text)
                  003f0e6c    00000bf1     hal_2mtr.obj (.text)
                  003f1a5d    0000079c     drv8305.obj (.text)
                  003f21f9    00000462     user_2mtr.obj (.text)
                  003f265b    0000041e     rts2800_ml.lib : e_powf.c.obj (.text)
                  003f2a79    000002f7     pwm.obj (.text)
                  003f2d70    00000272     main_helper.obj (.text)
                  003f2fe2    000001f2     SpinTAC.lib : spintac_pos_conv.obj (.text:_STPOSCONV_run)
                  003f31d4    000001ee     adc.obj (.text)
                  003f33c2    0000018a     clk.obj (.text)
                  003f354c    00000187     rts2800_ml.lib : e_logf.c.obj (.text)
                  003f36d3    00000184     enc.obj (.text)
                  003f3857    00000171     gpio.obj (.text)
                  003f39c8    0000011f     dual_motor_torque_ctrl.obj (.text:retain)
                  003f3ae7    000000ff     pie.obj (.text)
                  003f3be6    000000b2     spintac.obj (.text)
                  003f3c98    000000a9     spi.obj (.text)
                  003f3d41    0000009c     rts2800_ml.lib : fd_add28.asm.obj (.text)
                  003f3ddd    0000008b                    : fd_div28.asm.obj (.text)
                  003f3e68    00000083                    : fd_mpy28.asm.obj (.text)
                  003f3eeb    00000083                    : fs_div28.asm.obj (.text)
                  003f3f6e    00000078                    : fs_add28.asm.obj (.text)
                  003f3fe6    00000075                    : e_sqrtf.c.obj (.text)
                  003f405b    00000069                    : s_ceilf.c.obj (.text)
                  003f40c4    00000064     utils.obj (.text)
                  003f4128    0000005d     rts2800_ml.lib : s_scalbnf.c.obj (.text)
                  003f4185    0000005b     pll.obj (.text)
                  003f41e0    0000005a     rts2800_ml.lib : fs_mpy28.asm.obj (.text)
                  003f423a    00000057     angle_comp.obj (.text)
                  003f4291    00000054     rts2800_ml.lib : boot28.asm.obj (.text)
                  003f42e5    0000004f     virtualspring.obj (.text)
                  003f4334    00000046     wdog.obj (.text)
                  003f437a    00000044     pwr.obj (.text)
                  003f43be    0000003c     SpinTAC.lib : spintac_pos_roadd.obj (.text:_ST_addPosRollOver)
                  003f43fa    00000035                 : spintac_pos_conv.obj (.text:_STPOSCONV_init)
                  003f442f    00000032     timer.obj (.text)
                  003f4461    00000031     SpinTAC.lib : spintac_version.obj (.text:_ST_initVersion)
                  003f4492    0000002d     osc.obj (.text)
                  003f44bf    00000029     rts2800_ml.lib : exit.c.obj (.text)
                  003f44e8    00000029                    : fs_tol28.asm.obj (.text)
                  003f4511    00000025     cpu.obj (.text)
                  003f4536    00000025     rts2800_ml.lib : fs_toi28.asm.obj (.text)
                  003f455b    00000024                    : cpy_tbl.c.obj (.text)
                  003f457f    00000021     filter_fo.obj (.text)
                  003f45a0    00000021     rts2800_ml.lib : fs_toul28.asm.obj (.text)
                  003f45c1    00000020     flash.obj (.text)
                  003f45e1    0000001f     rts2800_ml.lib : fd_tol28.asm.obj (.text)
                  003f4600    0000001d                    : fs_tou28.asm.obj (.text)
                  003f461d    0000001d                    : memcpy.c.obj (.text)
                  003f463a    0000001c                    : fs_tofd28.asm.obj (.text)
                  003f4656    0000001b                    : fd_toul28.asm.obj (.text)
                  003f4671    0000001a                    : i_tofs28.asm.obj (.text)
                  003f468b    0000001a                    : l_tofs28.asm.obj (.text)
                  003f46a5    00000019                    : args_main.c.obj (.text)
                  003f46be    00000019     slip.obj (.text)
                  003f46d7    00000017     rts2800_ml.lib : fs_cmp28.asm.obj (.text)
                  003f46ee    00000016                    : ul_tofd28.asm.obj (.text)
                  003f4704    00000013                    : ul_tofs28.asm.obj (.text)
                  003f4717    00000010                    : u_tofs28.asm.obj (.text)
                  003f4727    0000000f     memCopy.obj (.text)
                  003f4736    0000000e     rts2800_ml.lib : fd_sub28.asm.obj (.text)
                  003f4744    0000000d     pid.obj (.text)
                  003f4751    0000000a     rts2800_ml.lib : s_copysignf.c.obj (.text)
                  003f475b    00000009                    : _lock.c.obj (.text)
                  003f4764    00000008     CodeStartBranch.obj (.text)
                  003f476c    00000007     svgen.obj (.text)
                  003f4773    00000006     clarke.obj (.text)
                  003f4779    00000006     ipark.obj (.text)
                  003f477f    00000006     park.obj (.text)
                  003f4785    00000006     qep.obj (.text)
                  003f478b    00000005     pie.obj (.text:retain)
                  003f4790    00000005     rts2800_ml.lib : fs_neg28.asm.obj (.text)
                  003f4795    00000002                    : pre_init.c.obj (.text)
                  003f4797    00000001                    : startup.c.obj (.text)

codestart 
*          0    003f7ff6    00000002     
                  003f7ff6    00000002     CodeStartBranch.obj (codestart)

.stack     1    00000050    000003b0     UNINITIALIZED
                  00000050    000003b0     --HOLE--

.ebss      1    00008c00    000009e6     UNINITIALIZED
                  00008c00    000009d8     dual_motor_torque_ctrl.obj (.ebss)
                  000095d8    00000006     rts2800_ml.lib : exit.c.obj (.ebss)
                  000095de    00000002                    : _lock.c.obj (.ebss:__lock)
                  000095e0    00000002                    : _lock.c.obj (.ebss:__unlock)
                  000095e2    00000002     drv8305.obj (.ebss)
                  000095e4    00000001     cpu.obj (.ebss)
                  000095e5    00000001     rts2800_ml.lib : errno.c.obj (.ebss)

.econst    0    003f4798    00000280     
                  003f4798    00000200     dual_motor_torque_ctrl.obj (.econst:_crc32_table)
                  003f4998    00000032     rts2800_ml.lib : e_powf.c.obj (.econst)
                  003f49ca    00000010     dual_motor_torque_ctrl.obj (.econst)
                  003f49da    00000010     rts2800_ml.lib : e_logf.c.obj (.econst)
                  003f49ea    00000008     main_helper.obj (.econst)
                  003f49f2    00000006     rts2800_ml.lib : s_scalbnf.c.obj (.econst)
                  003f49f8    00000004                    : e_powf.c.obj (.econst:_bp)
                  003f49fc    00000004                    : e_powf.c.obj (.econst:_dp_h)
                  003f4a00    00000004                    : e_powf.c.obj (.econst:_dp_l)
                  003f4a04    00000004     angle_comp.obj (.econst)
                  003f4a08    00000004     hal_2mtr.obj (.econst)
                  003f4a0c    00000004     rts2800_ml.lib : e_sqrtf.c.obj (.econst)
                  003f4a10    00000004     user_2mtr.obj (.econst)
                  003f4a14    00000002     dual_motor_torque_ctrl.obj (.econst:_gNumIsrTicksPerPosConvTick)
                  003f4a16    00000002     rts2800_ml.lib : s_ceilf.c.obj (.econst)

IQmath     0    003f4b94    000000ed     
                  003f4b94    00000047     IQmath.lib : IQ24div.obj (IQmath)
                  003f4bdb    00000042                : IQ24sqrt.obj (IQmath)
                  003f4c1d    00000029                : IQ24sinPU.obj (IQmath)
                  003f4c46    00000027                : IQ24cosPU.obj (IQmath)
                  003f4c6d    00000014                : IQ30toF.obj (IQmath)

IQmathTables 
*          0    003fdc30    00000b50     NOLOAD SECTION
                  003fdc30    00000b50     IQmath.lib : IQmathTables.obj (IQmathTables)

.reset     0    003fffc0    00000002     DSECT
                  003fffc0    00000002     rts2800_ml.lib : boot28.asm.obj (.reset)

vectors    0    003fffc2    00000000     DSECT

MODULE SUMMARY

       Module                       code    initialized data   uninitialized data
       ------                       ----    ----------------   ------------------
    ./
       hal_2mtr.obj                 3117    4                  0                 
       drv8305.obj                  1948    4                  2                 
       user_2mtr.obj                1122    4                  0                 
       pwm.obj                      759     0                  0                 
       adc.obj                      494     0                  0                 
       clk.obj                      394     0                  0                 
       enc.obj                      388     0                  0                 
       gpio.obj                     369     0                  0                 
       pie.obj                      260     0                  0                 
       spi.obj                      169     0                  0                 
       flash.obj                    132     0                  0                 
       angle_comp.obj               87      4                  0                 
       pll.obj                      91      0                  0                 
       wdog.obj                     70      0                  0                 
       pwr.obj                      68      0                  0                 
       timer.obj                    50      0                  0                 
       osc.obj                      45      0                  0                 
       cpu.obj                      37      0                  1                 
       filter_fo.obj                33      0                  0                 
       slip.obj                     25      0                  0                 
       memCopy.obj                  15      0                  0                 
       pid.obj                      13      0                  0                 
       CodeStartBranch.obj          10      0                  0                 
       usDelay.obj                  8       0                  0                 
       svgen.obj                    7       0                  0                 
       clarke.obj                   6       0                  0                 
       ipark.obj                    6       0                  0                 
       park.obj                     6       0                  0                 
       qep.obj                      6       0                  0                 
    +--+----------------------------+-------+------------------+--------------------+
       Total:                       9735    16                 3                 
                                                                                 
    ./amd_motorware_ext/
       utils.obj                    100     0                  0                 
    +--+----------------------------+-------+------------------+--------------------+
       Total:                       100     0                  0                 
                                                                                 
    ./src/
       dual_motor_torque_ctrl.obj   5113    876                2520              
       main_helper.obj              626     8                  0                 
       spintac.obj                  178     0                  0                 
       virtualspring.obj            79      0                  0                 
    +--+----------------------------+-------+------------------+--------------------+
       Total:                       5996    884                2520              
                                                                                 
    /Applications/ti/ccsv8/tools/compiler/ti-cgt-c2000_18.1.3.LTS/lib/rts2800_ml.lib
       e_powf.c.obj                 1054    62                 0                 
       e_logf.c.obj                 391     16                 0                 
       fd_add28.asm.obj             156     0                  0                 
       fd_div28.asm.obj             139     0                  0                 
       fd_mpy28.asm.obj             131     0                  0                 
       fs_div28.asm.obj             131     0                  0                 
       e_sqrtf.c.obj                117     4                  0                 
       fs_add28.asm.obj             120     0                  0                 
       s_ceilf.c.obj                105     2                  0                 
       s_scalbnf.c.obj              93      6                  0                 
       fs_mpy28.asm.obj             90      0                  0                 
       boot28.asm.obj               84      0                  0                 
       exit.c.obj                   41      14                 6                 
       fs_tol28.asm.obj             41      0                  0                 
       fs_toi28.asm.obj             37      0                  0                 
       cpy_tbl.c.obj                36      0                  0                 
       fs_toul28.asm.obj            33      0                  0                 
       fd_tol28.asm.obj             31      0                  0                 
       fs_tou28.asm.obj             29      0                  0                 
       memcpy.c.obj                 29      0                  0                 
       fs_tofd28.asm.obj            28      0                  0                 
       fd_toul28.asm.obj            27      0                  0                 
       i_tofs28.asm.obj             26      0                  0                 
       l_tofs28.asm.obj             26      0                  0                 
       args_main.c.obj              25      0                  0                 
       _lock.c.obj                  9       10                 4                 
       fs_cmp28.asm.obj             23      0                  0                 
       ul_tofd28.asm.obj            22      0                  0                 
       ul_tofs28.asm.obj            19      0                  0                 
       u_tofs28.asm.obj             16      0                  0                 
       fd_sub28.asm.obj             14      0                  0                 
       s_copysignf.c.obj            10      0                  0                 
       errno.c.obj                  0       4                  1                 
       fs_neg28.asm.obj             5       0                  0                 
       pre_init.c.obj               2       0                  0                 
       startup.c.obj                1       0                  0                 
    +--+----------------------------+-------+------------------+--------------------+
       Total:                       3141    118                11                
                                                                                 
    /Users/jviereck/dev/blmc_udriver_firmware/udriver_firmware/motorware/sw/modules/iqmath/lib/f28x/32b/IQmath.lib
       IQmathTables.obj             0       2896               0                 
       IQ24div.obj                  0       71                 0                 
       IQ24sqrt.obj                 0       66                 0                 
       IQ24sinPU.obj                0       41                 0                 
       IQ24cosPU.obj                0       39                 0                 
       IQ30toF.obj                  0       20                 0                 
    +--+----------------------------+-------+------------------+--------------------+
       Total:                       0       3133               0                 
                                                                                 
    /Users/jviereck/dev/blmc_udriver_firmware/udriver_firmware/motorware/sw/modules/spintac/lib/32b/SpinTAC.lib
       spintac_pos_conv.obj         551     0                  0                 
       spintac_pos_roadd.obj        60      0                  0                 
       spintac_version.obj          49      0                  0                 
    +--+----------------------------+-------+------------------+--------------------+
       Total:                       660     0                  0                 
                                                                                 
       Stack:                       0       0                  944               
    +--+----------------------------+-------+------------------+--------------------+
       Grand Total:                 19632   4151               3478              


GLOBAL DATA SYMBOLS: SORTED BY DATA PAGE

address     data page           name
--------    ----------------    ----
00000050       1 (00000040)     __stack

00008c00     230 (00008c00)     _gSPI_rx_ptr
00008c01     230 (00008c00)     _gSPI_tx_ptr
00008c02     230 (00008c00)     _gSPI_transmitting
00008c03     230 (00008c00)     _gFlag_enablePosRolloverError
00008c04     230 (00008c00)     _gErrors
00008c05     230 (00008c00)     _gSPI_timer
00008c06     230 (00008c00)     _gSPI_msg_prepared
00008c07     230 (00008c00)     _gSPI_msg_received
00008c08     230 (00008c00)     _gFlag_resetZeroPositionOffset
00008c09     230 (00008c00)     _spi_buffer_index
00008c0a     230 (00008c00)     _gSPI_crc_recv
00008c0c     230 (00008c00)     _gDebug_wrong_CRC
00008c0e     230 (00008c00)     _halHandle
00008c10     230 (00008c00)     _gSPI_crc_send
00008c12     230 (00008c00)     _gEnableIndexOffsetCompensation
00008c14     230 (00008c00)     _stCntPosConv
00008c16     230 (00008c00)     _gFlag_enableVirtualSpring
00008c18     230 (00008c00)     _gSPILastReceivedIqRef_stamp
00008c1a     230 (00008c00)     _gSPIReceiveIqRefTimeout
00008c1c     230 (00008c00)     _gTimer0_stamp
00008c1e     230 (00008c00)     _gStatusLedBlinkLastToggleTime
00008c20     230 (00008c00)     _gTimer0_cnt
00008c22     230 (00008c00)     _gSPI_current_rx_packet
00008c24     230 (00008c00)     _gSPI_current_tx_packet
00008c26     230 (00008c00)     _stCntSpeed
00008c28     230 (00008c00)     _spi_set_current
00008c2c     230 (00008c00)     _spi_get_enc_index
00008c30     230 (00008c00)     _spi_get_position
00008c34     230 (00008c00)     _spi_get_velocity
00008c38     230 (00008c00)     _spi_get_adc6
00008c3c     230 (00008c00)     _spi_get_current

00008c40     231 (00008c40)     _spi_buffer
00008c44     231 (00008c40)     _gOffsetCalcCount
00008c48     231 (00008c40)     _gAlignCount
00008c4c     231 (00008c40)     _angleCompHandle
00008c50     231 (00008c40)     _slipHandle
00008c58     231 (00008c40)     _svgenHandle
00008c5c     231 (00008c40)     _encHandle
00008c60     231 (00008c40)     _gSpeed_pu_to_krpm_sf
00008c64     231 (00008c40)     _gCurrent_A_to_pu_sf
00008c68     231 (00008c40)     _gTorque_Ls_Id_Iq_pu_to_Nm_sf
00008c6c     231 (00008c40)     _gTorque_Flux_Iq_pu_to_Nm_sf
00008c70     231 (00008c40)     _stHandle
00008c74     231 (00008c40)     _svgen
00008c78     231 (00008c40)     _gZeroPositionOffset
00008c7c     231 (00008c40)     _iparkHandle

00008c80     232 (00008c80)     _halHandleMtr
00008c84     232 (00008c80)     _clarkeHandle_V
00008c88     232 (00008c80)     _clarkeHandle_I
00008c8c     232 (00008c80)     _parkHandle
00008c90     232 (00008c80)     _estHandle
00008c94     232 (00008c80)     _springHandle
00008c98     232 (00008c80)     _gIdq_pu
00008ca0     232 (00008c80)     _ipark
00008ca8     232 (00008c80)     _gIdq_ref_pu
00008cb0     232 (00008c80)     _park
00008cb8     232 (00008c80)     _gVdq_out_pu

00008cc0     233 (00008cc0)     _clarke_I
00008ccc     233 (00008cc0)     _gOffsets_I_pu
00008cd8     233 (00008cc0)     _gOffsets_V_pu
00008ce4     233 (00008cc0)     _angleComp
00008cf0     233 (00008cc0)     _clarke_V

00008d00     234 (00008d00)     _gPwmData
00008d0c     234 (00008d00)     _pidHandle
00008d18     234 (00008d00)     _gQepIndexWatchdog
00008d28     234 (00008d00)     _slip

00008d40     235 (00008d40)     _filterHandle
00008d58     235 (00008d40)     _spring

00008d80     236 (00008d80)     _gAdcData
00008d9c     236 (00008d80)     _hal

00008dc0     237 (00008dc0)     _gSPI_packets_recv

00008e00     238 (00008e00)     _gSPI_packets_send

00008e40     239 (00008e40)     _halMtr

00008e80     23a (00008e80)     _pid

00008f00     23c (00008f00)     _gMotorVars

00008f80     23e (00008f80)     _filter

00009000     240 (00009000)     _gDrvSpi8305Vars

00009100     244 (00009100)     _st_obj

00009200     248 (00009200)     _gUserParams

00009380     24e (00009380)     _enc

000095d8     257 (000095c0)     ___TI_enable_exit_profile_output
000095da     257 (000095c0)     ___TI_cleanup_ptr
000095dc     257 (000095c0)     ___TI_dtors_ptr
000095de     257 (000095c0)     __lock
000095e0     257 (000095c0)     __unlock
000095e4     257 (000095c0)     _cpu
000095e5     257 (000095c0)     _errno

003f4a14    fd28 (003f4a00)     _gNumIsrTicksPerPosConvTick

003f4b94    fd2e (003f4b80)     __IQ24div

003f4bdb    fd2f (003f4bc0)     __IQ24sqrt

003f4c1d    fd30 (003f4c00)     __IQ24sinPU

003f4c46    fd31 (003f4c40)     __IQ24cosPU
003f4c6d    fd31 (003f4c40)     __IQ30toF

003fdc30    ff70 (003fdc00)     _IQsinTable

003fdd30    ff74 (003fdd00)     _IQcosTable

003fe030    ff80 (003fe000)     _IQsinTableEnd

003fe132    ff84 (003fe100)     _IQcosTableEnd
003fe132    ff84 (003fe100)     _IQdivRoundSatTable

003fe140    ff85 (003fe140)     _IQdivTable

003fe342    ff8d (003fe340)     _IQdivTableEnd
003fe342    ff8d (003fe340)     _IQisqrtRoundSatTable
003fe342    ff8d (003fe340)     _IQsqrtRoundSatTable
003fe352    ff8d (003fe340)     _IQisqrtTable
003fe352    ff8d (003fe340)     _IQsqrtTable

003fe454    ff91 (003fe440)     _IQatan2HalfPITable
003fe454    ff91 (003fe440)     _IQisqrtTableEnd
003fe454    ff91 (003fe440)     _IQsqrtTableEnd

003fe492    ff92 (003fe480)     _IQatan2Table

003fe618    ff98 (003fe600)     _IQ30mpyRndSatTable
003fe618    ff98 (003fe600)     _IQatan2TableEnd
003fe618    ff98 (003fe600)     _IQmpyRndSatTable
003fe624    ff98 (003fe600)     _IQ29mpyRndSatTable
003fe630    ff98 (003fe600)     _IQ28mpyRndSatTable
003fe63c    ff98 (003fe600)     _IQ27mpyRndSatTable

003fe648    ff99 (003fe640)     _IQ26mpyRndSatTable
003fe654    ff99 (003fe640)     _IQ25mpyRndSatTable
003fe660    ff99 (003fe640)     _IQ24mpyRndSatTable
003fe66c    ff99 (003fe640)     _IQ23mpyRndSatTable
003fe678    ff99 (003fe640)     _IQ22mpyRndSatTable

003fe684    ff9a (003fe680)     _IQ21mpyRndSatTable
003fe690    ff9a (003fe680)     _IQ20mpyRndSatTable
003fe69c    ff9a (003fe680)     _IQ19mpyRndSatTable
003fe6a8    ff9a (003fe680)     _IQ18mpyRndSatTable
003fe6b4    ff9a (003fe680)     _IQ17mpyRndSatTable

003fe6c0    ff9b (003fe6c0)     _IQ16mpyRndSatTable
003fe6cc    ff9b (003fe6c0)     _IQ15mpyRndSatTable
003fe6d8    ff9b (003fe6c0)     _IQ14mpyRndSatTable
003fe6e4    ff9b (003fe6c0)     _IQ13mpyRndSatTable
003fe6f0    ff9b (003fe6c0)     _IQ12mpyRndSatTable
003fe6fc    ff9b (003fe6c0)     _IQ11mpyRndSatTable

003fe708    ff9c (003fe700)     _IQ10mpyRndSatTable
003fe714    ff9c (003fe700)     _IQ9mpyRndSatTable
003fe720    ff9c (003fe700)     _IQ8mpyRndSatTable
003fe72c    ff9c (003fe700)     _IQ7mpyRndSatTable
003fe738    ff9c (003fe700)     _IQ6mpyRndSatTable

003fe744    ff9d (003fe740)     _IQ5mpyRndSatTable
003fe750    ff9d (003fe740)     _IQ4mpyRndSatTable
003fe75c    ff9d (003fe740)     _IQ3mpyRndSatTable
003fe768    ff9d (003fe740)     _IQ2mpyRndSatTable
003fe774    ff9d (003fe740)     _IQ1mpyRndSatTable

003fe780    ff9e (003fe780)     _IQmpyRndSatTableEnd


GLOBAL SYMBOLS: SORTED ALPHABETICALLY BY Name 

page  address   name                                             
----  -------   ----                                             
0     003f0000  .text                                            
0     003f44bf  C$$EXIT                                          
0     003f3d41  FD$$ADD                                          
0     003f3ddd  FD$$DIV                                          
0     003f3e68  FD$$MPY                                          
0     003f4736  FD$$SUB                                          
0     003f45e1  FD$$TOL                                          
0     003f4656  FD$$TOUL                                         
0     003f3f73  FS$$ADD                                          
0     003f46d7  FS$$CMP                                          
0     003f3eeb  FS$$DIV                                          
0     003f41e0  FS$$MPY                                          
0     003f4790  FS$$NEG                                          
0     003f3f6e  FS$$SUB                                          
0     003f463a  FS$$TOFD                                         
0     003f4536  FS$$TOI                                          
0     003f44e8  FS$$TOL                                          
0     003f4600  FS$$TOU                                          
0     003f45a0  FS$$TOUL                                         
0     003f4671  I$$TOFS                                          
0     003f468b  L$$TOFS                                          
0     003f4717  U$$TOFS                                          
0     003f46ee  UL$$TOFD                                         
0     003f4704  UL$$TOFS                                         
0     003f33b8  _ADC_disable                                     
0     003f33ae  _ADC_disableBandGap                              
0     003f3397  _ADC_disableInt                                  
0     003f338d  _ADC_disableNoOverlapMode                        
0     003f3383  _ADC_disableRefBuffers                           
0     003f3379  _ADC_disableVoltRefLoConv                        
0     003f336f  _ADC_enable                                      
0     003f3365  _ADC_enableBandGap                               
0     003f334f  _ADC_enableInt                                   
0     003f3345  _ADC_enableNoOverlapMode                         
0     003f333b  _ADC_enableRefBuffers                            
0     003f3331  _ADC_enableVoltRefLoConv                         
0     003f3329  _ADC_getDivideSelect                             
0     003f3321  _ADC_init                                        
0     003f3317  _ADC_powerDown                                   
0     003f330d  _ADC_powerUp                                     
0     003f3303  _ADC_reset                                       
0     003f32f2  _ADC_setDivideSelect                             
0     003f32d1  _ADC_setIntMode                                  
0     003f32c0  _ADC_setIntPulseGenMode                          
0     003f329f  _ADC_setIntSrc                                   
0     003f3298  _ADC_setOffTrim                                  
0     003f3281  _ADC_setSampleMode                               
0     003f326e  _ADC_setSampleOverlapMode                        
0     003f325a  _ADC_setSocChanNumber                            
0     003f3250  _ADC_setSocFrc                                   
0     003f3249  _ADC_setSocFrcWord                               
0     003f3235  _ADC_setSocSampleDelay                           
0     003f3221  _ADC_setSocTrigSrc                               
0     003f3210  _ADC_setTempSensorSrc                            
0     003f31ff  _ADC_setVoltRefSrc                               
0     003f31d4  _ADC_setupSocTrigSrc                             
0     003f428b  _ANGLE_COMP_init                                 
0     003f423a  _ANGLE_COMP_setParams                            
0     003f4773  _CLARKE_init                                     
0     003f3545  _CLK_disableAdcClock                             
0     003f353e  _CLK_disableClaClock                             
0     003f3538  _CLK_disableClkIn                                
0     003f3534  _CLK_disableCompClock                            
0     003f352d  _CLK_disableCpuTimerClock                        
0     003f3527  _CLK_disableCrystalOsc                           
0     003f3520  _CLK_disableEcanaClock                           
0     003f3519  _CLK_disableEcap1Clock                           
0     003f3512  _CLK_disableEqep1Clock                           
0     003f350b  _CLK_disableEqep2Clock                           
0     003f3504  _CLK_disableGpioInputClock                       
0     003f34fd  _CLK_disableHrPwmClock                           
0     003f34f6  _CLK_disableI2cClock                             
0     003f34ef  _CLK_disableLinAClock                            
0     003f34e9  _CLK_disableOsc1                                 
0     003f34e3  _CLK_disableOsc1HaltMode                         
0     003f34dd  _CLK_disableOsc2                                 
0     003f34d7  _CLK_disableOsc2HaltMode                         
0     003f34cd  _CLK_disablePwmClock                             
0     003f34c6  _CLK_disableSciaClock                            
0     003f34bf  _CLK_disableScibClock                            
0     003f34b8  _CLK_disableSpiaClock                            
0     003f34b4  _CLK_disableSpibClock                            
0     003f34ad  _CLK_disableTbClockSync                          
0     003f34a7  _CLK_disableWatchDogHaltMode                     
0     003f34a0  _CLK_enableAdcClock                              
0     003f3499  _CLK_enableClaClock                              
0     003f3493  _CLK_enableClkIn                                 
0     003f348d  _CLK_enableCompClock                             
0     003f3487  _CLK_enableCpuTimerClock                         
0     003f3481  _CLK_enableCrystalOsc                            
0     003f347a  _CLK_enableEcanaClock                            
0     003f3473  _CLK_enableEcap1Clock                            
0     003f346c  _CLK_enableEqep1Clock                            
0     003f3465  _CLK_enableEqep2Clock                            
0     003f345e  _CLK_enableGpioInputClock                        
0     003f3457  _CLK_enableHrPwmClock                            
0     003f3450  _CLK_enableI2cClock                              
0     003f3449  _CLK_enableLinAClock                             
0     003f3443  _CLK_enableOsc1                                  
0     003f343d  _CLK_enableOsc1HaltMode                          
0     003f3437  _CLK_enableOsc2                                  
0     003f3431  _CLK_enableOsc2HaltMode                          
0     003f3428  _CLK_enablePwmClock                              
0     003f3421  _CLK_enableSciaClock                             
0     003f341a  _CLK_enableScibClock                             
0     003f3413  _CLK_enableSpiaClock                             
0     003f340c  _CLK_enableSpibClock                             
0     003f3405  _CLK_enableTbClockSync                           
0     003f33ff  _CLK_enableWatchDogHaltMode                      
0     003f33f9  _CLK_init                                        
0     003f33f2  _CLK_setClkOutPreScaler                          
0     003f33ec  _CLK_setLowSpdPreScaler                          
0     003f33e5  _CLK_setOsc2Src                                  
0     003f33de  _CLK_setOscSrc                                   
0     003f33d7  _CLK_setTimer2PreScale                           
0     003f33d0  _CLK_setTimer2Src                                
0     003f33c9  _CLK_setWatchDogSrc                              
0     003f33c2  _CLK_setXClkInSrc                                
0     003f4533  _CPU_clearIntFlags                               
0     003f4530  _CPU_disableDebugInt                             
0     003f452d  _CPU_disableGlobalInts                           
0     003f4528  _CPU_disableInt                                  
0     003f4525  _CPU_disableInts                                 
0     003f4522  _CPU_disableProtectedRegisterWrite               
0     003f451f  _CPU_enableDebugInt                              
0     003f451c  _CPU_enableGlobalInts                            
0     003f4518  _CPU_enableInt                                   
0     003f4515  _CPU_enableProtectedRegisterWrite                
0     003f4511  _CPU_init                                        
abs   003fa69d  _CTRL_init                                       
abs   003fa866  _CTRL_setParams                                  
abs   003f9d31  _CTRL_setUserMotorParams                         
abs   003f99a5  _CTRL_setupEstIdleState                          
0     003f21d6  _DRV8305_enable                                  
0     003f21d0  _DRV8305_getCSBlank                              
0     003f21ca  _DRV8305_getCSGain1                              
0     003f21c4  _DRV8305_getCSGain2                              
0     003f21be  _DRV8305_getCSGain3                              
0     003f21b7  _DRV8305_getCommOption                           
0     003f21a0  _DRV8305_getDcCalMode                            
0     003f219a  _DRV8305_getDeadTime                             
0     003f2194  _DRV8305_getPeakSinkCurHS                        
0     003f218e  _DRV8305_getPeakSinkCurLS                        
0     003f2187  _DRV8305_getPeakSinkTime                         
0     003f2181  _DRV8305_getPeakSourCurHS                        
0     003f217b  _DRV8305_getPeakSourCurLS                        
0     003f2174  _DRV8305_getPeakSourTime                         
0     003f216d  _DRV8305_getPwmMode                              
0     003f2167  _DRV8305_getSleepDelay                           
0     003f2161  _DRV8305_getVDSBlanking                          
0     003f215b  _DRV8305_getVDSDeglitch                          
0     003f2155  _DRV8305_getVDSLevel                             
0     003f214f  _DRV8305_getVDSMode                              
0     003f2148  _DRV8305_getVrefScaling                          
0     003f2142  _DRV8305_getVregUvLevel                          
0     003f213c  _DRV8305_getWatchDelay                           
0     003f2133  _DRV8305_init                                    
0     003f212c  _DRV8305_isFault                                 
0     003f1f51  _DRV8305_readData                                
0     003f1b6c  _DRV8305_readSpi                                 
0     003f1f42  _DRV8305_reset                                   
0     003f1f2e  _DRV8305_setCSBlank                              
0     003f1f1a  _DRV8305_setCSGain1                              
0     003f1f06  _DRV8305_setCSGain2                              
0     003f1ef2  _DRV8305_setCSGain3                              
0     003f1ede  _DRV8305_setCommOption                           
0     003f1eba  _DRV8305_setDcCalMode                            
0     003f1ea6  _DRV8305_setDeadTime                             
0     003f1ea4  _DRV8305_setGpioHandle                           
0     003f1ea2  _DRV8305_setGpioNumber                           
0     003f1e8e  _DRV8305_setPeakSinkCurHS                        
0     003f1e7a  _DRV8305_setPeakSinkCurLS                        
0     003f1e66  _DRV8305_setPeakSinkTime                         
0     003f1e52  _DRV8305_setPeakSourCurHS                        
0     003f1e3e  _DRV8305_setPeakSourTime                         
0     003f1e2a  _DRV8305_setPwmMode                              
0     003f1e16  _DRV8305_setSleepDelay                           
0     003f1e14  _DRV8305_setSpiHandle                            
0     003f1e00  _DRV8305_setVDSBlanking                          
0     003f1dec  _DRV8305_setVDSDeglitch                          
0     003f1dd8  _DRV8305_setVDSLevel                             
0     003f1dc4  _DRV8305_setVDSMode                              
0     003f1db0  _DRV8305_setVrefScaling                          
0     003f1d9c  _DRV8305_setVregUvLevel                          
0     003f1d88  _DRV8305_setWatchDelay                           
0     003f1bb0  _DRV8305_setupSpi                                
0     003f1a88  _DRV8305_writeData                               
0     003f1a5d  _DRV8305_writeSpi                                
0     003f3838  _ENC_calcElecAngle                               
0     003f382c  _ENC_getSpeedRPM                                 
0     003f3824  _ENC_init                                        
0     003f377c  _ENC_run                                         
0     003f36d3  _ENC_setup                                       
abs   003f96ab  _EST_getFlux_pu                                  
abs   003f95ff  _EST_getLs_coarse_max_pu                         
abs   003f95f0  _EST_getLs_d_pu                                  
abs   003f95c9  _EST_getLs_q_pu                                  
abs   003f9393  _EST_init                                        
abs   003f8bdb  _EST_setFlag_enableForceAngle                    
abs   003f8bd3  _EST_setFlag_enableRsRecalc                      
abs   003f8b7a  _EST_setIdle                                     
abs   003f8b45  _EST_setLs_d_pu                                  
abs   003f8af1  _EST_setLs_qFmt                                  
abs   003f8ae7  _EST_setLs_q_pu                                  
abs   003f8713  _EST_updateState                                 
0     003f459d  _FILTER_FO_getDenCoeffs                          
0     003f4596  _FILTER_FO_getInitialConditions                  
0     003f4590  _FILTER_FO_getNumCoeffs                          
0     003f458a  _FILTER_FO_init                                  
0     003f4588  _FILTER_FO_setDenCoeffs                          
0     003f4583  _FILTER_FO_setInitialConditions                  
0     003f457f  _FILTER_FO_setNumCoeffs                          
0     003f45db  _FLASH_clear3VStatus                             
0     00008263  _FLASH_disablePipelineMode                       
0     0000825d  _FLASH_enablePipelineMode                        
0     003f45d8  _FLASH_get3VStatus                               
0     003f45d5  _FLASH_getActiveWaitCount                        
0     003f45d1  _FLASH_getActiveWaitStatus                       
0     003f45ce  _FLASH_getPowerMode                              
0     003f45cb  _FLASH_getStandbyWaitCount                       
0     003f45c7  _FLASH_getStandbyWaitStatus                      
0     003f45c1  _FLASH_init                                      
0     00008258  _FLASH_setActiveWaitCount                        
0     00008251  _FLASH_setNumPagedReadWaitStates                 
0     0000824a  _FLASH_setNumRandomReadWaitStates                
0     00008243  _FLASH_setOtpWaitStates                          
0     0000823c  _FLASH_setPowerMode                              
0     00008237  _FLASH_setStandbyWaitCount                       
0     003f39ba  _GPIO_getData                                    
0     003f39af  _GPIO_getPortData                                
0     003f39a9  _GPIO_init                                       
0     003f399f  _GPIO_lpmSelect                                  
0     003f398c  _GPIO_read                                       
0     003f3972  _GPIO_setDirection                               
0     003f3967  _GPIO_setExtInt                                  
0     003f3957  _GPIO_setHigh                                    
0     003f3947  _GPIO_setLow                                     
0     003f3913  _GPIO_setMode                                    
0     003f3905  _GPIO_setPortData                                
0     003f38eb  _GPIO_setPullup                                  
0     003f38ae  _GPIO_setQualification                           
0     003f3867  _GPIO_setQualificationPeriod                     
0     003f3857  _GPIO_toggle                                     
0     003f1604  _HAL_AdcCalChanSelect                            
0     003f165b  _HAL_AdcCalConversion                            
0     003f17b3  _HAL_AdcOffsetSelfCal                            
0     003f1879  _HAL_OscTempComp                                 
0     003f18ce  _HAL_cal                                         
0     003f1a59  _HAL_disableGlobalInts                           
0     003f197b  _HAL_disableWdog                                 
0     003f1a3e  _HAL_enableAdcInts                               
0     003f1a3a  _HAL_enableDebugInt                              
0     003f1a35  _HAL_enableDrv                                   
0     003f1a31  _HAL_enableGlobalInts                            
0     003f1a17  _HAL_enablePwmInt                                
0     003f1a07  _HAL_enableTimer0Int                             
0     003f17e6  _HAL_getOscTrimValue                             
0     003f1980  _HAL_init                                        
0     003f1923  _HAL_init_mtr                                    
0     003f17f9  _HAL_osc1Comp                                    
0     003f1839  _HAL_osc2Comp                                    
0     003f2fbd  _HAL_overwriteSetupGpio                          
0     003f191e  _HAL_readDrvData                                 
0     003f18e5  _HAL_setParams                                   
0     003f1596  _HAL_setParamsMtr                                
0     003f144b  _HAL_setupAdcs                                   
0     003f142f  _HAL_setupClks                                   
0     003f142a  _HAL_setupDrvSpi                                 
0     003f140c  _HAL_setupFaults                                 
0     00008269  _HAL_setupFlash                                  
0     003f13f3  _HAL_setupGate                                   
0     003f11f5  _HAL_setupGpios                                  
0     003f119b  _HAL_setupPeripheralClks                         
0     003f117f  _HAL_setupPie                                    
0     003f1140  _HAL_setupPll                                    
0     003f10bd  _HAL_setupPwmDacs                                
0     003f0fdb  _HAL_setupPwms                                   
0     003f0f2c  _HAL_setupQEP                                    
0     003f0ef6  _HAL_setupSpiA                                   
0     003f0eac  _HAL_setupSpiB                                   
0     003f0e71  _HAL_setupTimers                                 
0     003f0e6c  _HAL_writeDrvData                                
0     003f4779  _IPARK_init                                      
0     003fe708  _IQ10mpyRndSatTable                              
0     003fe6fc  _IQ11mpyRndSatTable                              
0     003fe6f0  _IQ12mpyRndSatTable                              
0     003fe6e4  _IQ13mpyRndSatTable                              
0     003fe6d8  _IQ14mpyRndSatTable                              
0     003fe6cc  _IQ15mpyRndSatTable                              
0     003fe6c0  _IQ16mpyRndSatTable                              
0     003fe6b4  _IQ17mpyRndSatTable                              
0     003fe6a8  _IQ18mpyRndSatTable                              
0     003fe69c  _IQ19mpyRndSatTable                              
0     003fe774  _IQ1mpyRndSatTable                               
0     003fe690  _IQ20mpyRndSatTable                              
0     003fe684  _IQ21mpyRndSatTable                              
0     003fe678  _IQ22mpyRndSatTable                              
0     003fe66c  _IQ23mpyRndSatTable                              
0     003fe660  _IQ24mpyRndSatTable                              
0     003fe654  _IQ25mpyRndSatTable                              
0     003fe648  _IQ26mpyRndSatTable                              
0     003fe63c  _IQ27mpyRndSatTable                              
0     003fe630  _IQ28mpyRndSatTable                              
0     003fe624  _IQ29mpyRndSatTable                              
0     003fe768  _IQ2mpyRndSatTable                               
0     003fe618  _IQ30mpyRndSatTable                              
0     003fe75c  _IQ3mpyRndSatTable                               
0     003fe750  _IQ4mpyRndSatTable                               
0     003fe744  _IQ5mpyRndSatTable                               
0     003fe738  _IQ6mpyRndSatTable                               
0     003fe72c  _IQ7mpyRndSatTable                               
0     003fe720  _IQ8mpyRndSatTable                               
0     003fe714  _IQ9mpyRndSatTable                               
0     003fe454  _IQatan2HalfPITable                              
0     003fe492  _IQatan2Table                                    
0     003fe618  _IQatan2TableEnd                                 
0     003fdd30  _IQcosTable                                      
0     003fe132  _IQcosTableEnd                                   
0     003fe132  _IQdivRoundSatTable                              
0     003fe140  _IQdivTable                                      
0     003fe342  _IQdivTableEnd                                   
0     003fe342  _IQisqrtRoundSatTable                            
0     003fe352  _IQisqrtTable                                    
0     003fe454  _IQisqrtTableEnd                                 
0     003fe618  _IQmpyRndSatTable                                
0     003fe780  _IQmpyRndSatTableEnd                             
0     003fdc30  _IQsinTable                                      
0     003fe030  _IQsinTableEnd                                   
0     003fe342  _IQsqrtRoundSatTable                             
0     003fe352  _IQsqrtTable                                     
0     003fe454  _IQsqrtTableEnd                                  
0     003f06b1  _LED_run                                         
0     003f44b9  _OSC_init                                        
0     003f44ac  _OSC_setCoarseTrim                               
0     003f449b  _OSC_setFineTrim                                 
0     003f4492  _OSC_setTrim                                     
0     003f477f  _PARK_init                                       
0     003f4744  _PID_init                                        
0     003f3bdf  _PIE_clearAllFlags                               
0     003f3bdc  _PIE_clearAllInts                                
0     003f3bd9  _PIE_disable                                     
0     003f3bd2  _PIE_disableAllInts                              
0     003f3bce  _PIE_disableCaptureInt                           
0     003f3bc5  _PIE_disableExtInt                               
0     003f3bbb  _PIE_disableInt                                  
0     003f3bb8  _PIE_enable                                      
0     003f3b9c  _PIE_enableAdcInt                                
0     003f3b98  _PIE_enableCaptureInt                            
0     003f3b7c  _PIE_enableExtInt                                
0     003f3b73  _PIE_enableInt                                   
0     003f3b6e  _PIE_enablePwmInt                                
0     003f3b69  _PIE_enablePwmTzInt                              
0     003f3b66  _PIE_enableTimer0Int                             
0     003f3b5d  _PIE_forceInt                                    
0     003f3b55  _PIE_getExtIntCount                              
0     003f3b4e  _PIE_getIntEnables                               
0     003f3b47  _PIE_getIntFlags                                 
0     003f478b  _PIE_illegalIsr                                  
0     003f3b3f  _PIE_init                                        
0     003f3b2e  _PIE_registerPieIntHandler                       
0     003f3b23  _PIE_registerSystemIntHandler                    
0     003f2fb7  _PIE_registerTimer0IntHandler                    
0     003f3b18  _PIE_setDefaultIntVectorTable                    
0     003f3b07  _PIE_setExtIntPolarity                           
0     003f3af4  _PIE_unregisterPieIntHandler                     
0     003f3ae7  _PIE_unregisterSystemIntHandler                  
0     003f41da  _PLL_disable                                     
0     003f41d4  _PLL_disableClkDetect                            
0     003f41ce  _PLL_disableNormRdy                              
0     003f41c8  _PLL_disableOsc                                  
0     003f41c2  _PLL_enable                                      
0     003f41bc  _PLL_enableClkDetect                             
0     003f41b6  _PLL_enableNormRdy                               
0     003f41b0  _PLL_enableOsc                                   
0     003f41ac  _PLL_getClkFreq                                  
0     003f41a9  _PLL_getClkStatus                                
0     003f41a6  _PLL_getDivideSelect                             
0     003f41a3  _PLL_getLockStatus                               
0     003f419d  _PLL_init                                        
0     003f4197  _PLL_resetClkDetect                              
0     003f4191  _PLL_setClkFreq                                  
0     003f418a  _PLL_setDivideSelect                             
0     003f4185  _PLL_setLockPeriod                               
0     003f2d6a  _PWM_clearTripZone                               
0     003f2d67  _PWM_decrementDeadBandFallingEdgeDelay           
0     003f2d64  _PWM_decrementDeadBandRisingEdgeDelay            
0     003f2d5d  _PWM_disableAutoConvert                          
0     003f2d59  _PWM_disableChopping                             
0     003f2d56  _PWM_disableCounterLoad                          
0     003f2d53  _PWM_disableDeadBand                             
0     003f2d4f  _PWM_disableDeadBandHalfCycle                    
0     003f2d48  _PWM_disableDigitalCompareBlankingWindow         
0     003f2d41  _PWM_disableDigitalCompareBlankingWindowInversion
0     003f2d3a  _PWM_disableHrPeriod                             
0     003f2d33  _PWM_disableHrPhaseSync                          
0     003f2d2f  _PWM_disableInt                                  
0     003f2d2b  _PWM_disableSocAPulse                            
0     003f2d27  _PWM_disableSocBPulse                            
0     003f2d20  _PWM_disableTripZoneInt                          
0     003f2d19  _PWM_disableTripZoneSrc                          
0     003f2d13  _PWM_disableTripZones                            
0     003f2d0c  _PWM_enableAutoConvert                           
0     003f2d08  _PWM_enableChopping                              
0     003f2d05  _PWM_enableCounterLoad                           
0     003f2d01  _PWM_enableDeadBandHalfCycle                     
0     003f2cfa  _PWM_enableDigitalCompareBlankingWindow          
0     003f2cf3  _PWM_enableDigitalCompareBlankingWindowInversion 
0     003f2cec  _PWM_enableHrPeriod                              
0     003f2ce5  _PWM_enableHrPhaseSync                           
0     003f2ce1  _PWM_enableInt                                   
0     003f2cdd  _PWM_enableSocAPulse                             
0     003f2cd9  _PWM_enableSocBPulse                             
0     003f2cd3  _PWM_enableTripZoneInt                           
0     003f2ccd  _PWM_enableTripZoneSrc                           
0     003f2cca  _PWM_getDeadBandFallingEdgeDelay                 
0     003f2cc7  _PWM_getDeadBandRisingEdgeDelay                  
0     003f2cc3  _PWM_getIntCount                                 
0     003f2cbf  _PWM_getShadowStatus_CmpA                        
0     003f2cbb  _PWM_getShadowStatus_CmpB                        
0     003f2cb6  _PWM_getSocACount                                
0     003f2cb1  _PWM_getSocBCount                                
0     003f2cae  _PWM_incrementDeadBandFallingEdgeDelay           
0     003f2cab  _PWM_incrementDeadBandRisingEdgeDelay            
0     003f2ca5  _PWM_init                                        
0     003f2c9e  _PWM_setActionQualContSWForce_PwmA               
0     003f2c95  _PWM_setActionQualContSWForce_PwmB               
0     003f2c8c  _PWM_setActionQual_CntDown_CmpA_PwmA             
0     003f2c83  _PWM_setActionQual_CntDown_CmpA_PwmB             
0     003f2c7a  _PWM_setActionQual_CntDown_CmpB_PwmA             
0     003f2c71  _PWM_setActionQual_CntDown_CmpB_PwmB             
0     003f2c68  _PWM_setActionQual_CntUp_CmpA_PwmA               
0     003f2c5f  _PWM_setActionQual_CntUp_CmpA_PwmB               
0     003f2c56  _PWM_setActionQual_CntUp_CmpB_PwmA               
0     003f2c4d  _PWM_setActionQual_CntUp_CmpB_PwmB               
0     003f2c44  _PWM_setActionQual_Period_PwmA                   
0     003f2c3b  _PWM_setActionQual_Period_PwmB                   
0     003f2c34  _PWM_setActionQual_Zero_PwmA                     
0     003f2c2d  _PWM_setActionQual_Zero_PwmB                     
0     003f2c26  _PWM_setChoppingClkFreq                          
0     003f2c1f  _PWM_setChoppingDutyCycle                        
0     003f2c18  _PWM_setChoppingPulseWidth                       
0     003f2c14  _PWM_setClkDiv                                   
0     003f2c12  _PWM_setCount                                    
0     003f2c0e  _PWM_setCounterMode                              
0     003f2c0b  _PWM_setDeadBandFallingEdgeDelay                 
0     003f2c04  _PWM_setDeadBandInputMode                        
0     003f2bfd  _PWM_setDeadBandOutputMode                       
0     003f2bf6  _PWM_setDeadBandPolarity                         
0     003f2bf3  _PWM_setDeadBandRisingEdgeDelay                  
0     003f2bd9  _PWM_setDigitalCompareAEvent1                    
0     003f2bc9  _PWM_setDigitalCompareAEvent2                    
0     003f2baf  _PWM_setDigitalCompareBEvent1                    
0     003f2b9f  _PWM_setDigitalCompareBEvent2                    
0     003f2b93  _PWM_setDigitalCompareBlankingPulse              
0     003f2b90  _PWM_setDigitalCompareFilterOffset               
0     003f2b86  _PWM_setDigitalCompareFilterSource               
0     003f2b83  _PWM_setDigitalCompareFilterWindow               
0     003f2b74  _PWM_setDigitalCompareInput                      
0     003f2b70  _PWM_setHighSpeedClkDiv                          
0     003f2b66  _PWM_setHrControlMode                            
0     003f2b5c  _PWM_setHrEdgeMode                               
0     003f2b52  _PWM_setHrShadowMode                             
0     003f2b4b  _PWM_setIntMode                                  
0     003f2b44  _PWM_setIntPeriod                                
0     003f2b40  _PWM_setLoadMode_CmpA                            
0     003f2b3a  _PWM_setLoadMode_CmpB                            
0     003f2b38  _PWM_setPeriod                                   
0     003f2b33  _PWM_setPeriodHr                                 
0     003f2b2f  _PWM_setPeriodLoad                               
0     003f2b2d  _PWM_setPhase                                    
0     003f2b29  _PWM_setPhaseDir                                 
0     003f2b25  _PWM_setRunMode                                  
0     003f2b1f  _PWM_setShadowMode_CmpA                          
0     003f2b19  _PWM_setShadowMode_CmpB                          
0     003f2b10  _PWM_setSocAPeriod                               
0     003f2b06  _PWM_setSocAPulseSrc                             
0     003f2afd  _PWM_setSocBPeriod                               
0     003f2af4  _PWM_setSocBPulseSrc                             
0     003f2af1  _PWM_setSwSync                                   
0     003f2aed  _PWM_setSyncMode                                 
0     003f2ae3  _PWM_setTripZoneDCEventSelect_DCAEVT1            
0     003f2ad7  _PWM_setTripZoneDCEventSelect_DCAEVT2            
0     003f2acb  _PWM_setTripZoneDCEventSelect_DCBEVT1            
0     003f2abf  _PWM_setTripZoneDCEventSelect_DCBEVT2            
0     003f2ab3  _PWM_setTripZoneState_DCAEVT1                    
0     003f2aa7  _PWM_setTripZoneState_DCAEVT2                    
0     003f2a9b  _PWM_setTripZoneState_DCBEVT1                    
0     003f2a8f  _PWM_setTripZoneState_DCBEVT2                    
0     003f2a85  _PWM_setTripZoneState_TZA                        
0     003f2a79  _PWM_setTripZoneState_TZB                        
0     003f43bb  _PWR_disableBrownOutReset                        
0     003f43b1  _PWR_disableWatchDogInt                          
0     003f43ae  _PWR_enableBrownOutReset                         
0     003f43a4  _PWR_enableWatchDogInt                           
0     003f439c  _PWR_init                                        
0     003f438b  _PWR_setLowPowerMode                             
0     003f437a  _PWR_setNumStandByClocks                         
0     003f4785  _QEP_init                                        
0     003e828b  _RamfuncsLoadEnd                                 
0     003e8000  _RamfuncsLoadStart                               
0     00008000  _RamfuncsRunStart                                
0     003f46d1  _SLIP_init                                       
0     003f46c6  _SLIP_run                                        
0     003f46be  _SLIP_setup                                      
0     003f3d3d  _SPI_clearRxFifoInt                              
0     003f3d39  _SPI_clearRxFifoOvf                              
0     003f3d35  _SPI_clearTxFifoInt                              
0     003f3d32  _SPI_disableInt                                  
0     003f3d2f  _SPI_disableLoopBack                             
0     003f3d2c  _SPI_disableOverRunInt                           
0     003f3d28  _SPI_disableRxFifoInt                            
0     003f3d25  _SPI_disableTx                                   
0     003f3d21  _SPI_disableTxFifoEnh                            
0     003f3d1d  _SPI_disableTxFifoInt                            
0     003f3d1a  _SPI_enable                                      
0     003f3d16  _SPI_enableChannels                              
0     003f3d13  _SPI_enableInt                                   
0     003f3d10  _SPI_enableLoopBack                              
0     003f3d0d  _SPI_enableOverRunInt                            
0     003f3d09  _SPI_enableRxFifo                                
0     003f3d05  _SPI_enableRxFifoInt                             
0     003f3d02  _SPI_enableTx                                    
0     003f3cfe  _SPI_enableTxFifo                                
0     003f3cfa  _SPI_enableTxFifoEnh                             
0     003f3cf6  _SPI_enableTxFifoInt                             
0     003f3cf3  _SPI_getIntFlagStatus                            
0     003f3cef  _SPI_getRxFifoStatus                             
0     003f3cec  _SPI_getTxBufferStatus                           
0     003f3ce8  _SPI_getTxFifoStatus                             
0     003f3ce2  _SPI_init                                        
0     003f3cdf  _SPI_reset                                       
0     003f3cdb  _SPI_resetChannels                               
0     003f3cd7  _SPI_resetRxFifo                                 
0     003f3cd3  _SPI_resetTxFifo                                 
0     003f3cd1  _SPI_setBaudRate                                 
0     003f3ccd  _SPI_setCharLength                               
0     003f3ccb  _SPI_setClkPhase                                 
0     003f3cc7  _SPI_setClkPolarity                              
0     003f3cc5  _SPI_setMode                                     
0     003f3cbe  _SPI_setPriority                                 
0     003f3cb7  _SPI_setRxFifoIntLevel                           
0     003f3cb0  _SPI_setSteInv                                   
0     003f3ca9  _SPI_setSuspend                                  
0     003f3ca2  _SPI_setTriWire                                  
0     003f3c9f  _SPI_setTxDelay                                  
0     003f3c98  _SPI_setTxFifoIntLevel                           
0     003f43fa  _STPOSCONV_init                                  
0     003f2fe2  _STPOSCONV_run                                   
0     003f43be  _ST_addPosRollOver                               
0     003f3c87  _ST_init                                         
0     003f4461  _ST_initVersion                                  
0     003f3c5a  _ST_runPosConv                                   
0     003f3c20  _ST_setupPosConv_mtr1                            
0     003f3be6  _ST_setupPosConv_mtr2                            
0     003f476d  _SVGEN_init                                      
0     003f476c  _SVGEN_setup                                     
0     003f445e  _TIMER_clearFlag                                 
0     003f445b  _TIMER_disableInt                                
0     003f4458  _TIMER_enableInt                                 
0     003f4455  _TIMER_getStatus                                 
0     003f444f  _TIMER_init                                      
0     003f4441  _TIMER_setDecimationFactor                       
0     003f443d  _TIMER_setEmulationMode                          
0     003f442f  _TIMER_setPreScaler                              
0     003f2610  _USER_computeFlux_pu_to_VpHz_sf                  
0     003f25b2  _USER_computeFlux_pu_to_Wb_sf                    
0     003f253e  _USER_computeTorque_Flux_Iq_pu_to_Nm_sf          
0     003f24d6  _USER_computeTorque_Ls_Id_Iq_pu_to_Nm_sf         
0     003f2368  _USER_setParamsMtr1                              
0     003f21f9  _USER_setParamsMtr2                              
0     003f40e2  _UTILS_computeTorque_Nm                          
0     003f40c4  _UTILS_removePositionOffset                      
0     003f4322  _VIRTUALSPRING_getIqRef_A                        
0     003f431c  _VIRTUALSPRING_init                              
0     003f42f3  _VIRTUALSPRING_run                               
0     003f42e5  _VIRTUALSPRING_setup                             
0     003f4372  _WDOG_clearCounter                               
0     003f436a  _WDOG_disable                                    
0     003f4364  _WDOG_disableInt                                 
0     003f435e  _WDOG_disableOverRide                            
0     003f4355  _WDOG_enable                                     
0     003f434f  _WDOG_enableInt                                  
0     003f4349  _WDOG_enableOverRide                             
0     003f4346  _WDOG_getIntStatus                               
0     003f4340  _WDOG_init                                       
0     003f433e  _WDOG_setCount                                   
0     003f4334  _WDOG_setPreScaler                               
0     003f4c46  __IQ24cosPU                                      
0     003f4b94  __IQ24div                                        
0     003f4c1d  __IQ24sinPU                                      
0     003f4bdb  __IQ24sqrt                                       
0     003f4c6d  __IQ30toF                                        
1     00000400  __STACK_END                                      
abs   000003b0  __STACK_SIZE                                     
1     000095da  ___TI_cleanup_ptr                                
1     000095dc  ___TI_dtors_ptr                                  
1     000095d8  ___TI_enable_exit_profile_output                 
abs   ffffffff  ___TI_pprof_out_hndl                             
abs   ffffffff  ___TI_prof_data_size                             
abs   ffffffff  ___TI_prof_data_start                            
abs   ffffffff  ___binit__                                       
abs   ffffffff  ___c_args__                                      
0     003f4a18  ___cinit__                                       
0     003f4798  ___etext__                                       
abs   ffffffff  ___pinit__                                       
0     003f0000  ___text__                                        
0     003f46a5  __args_main                                      
1     000095de  __lock                                           
0     003f4763  __nop                                            
0     003f475f  __register_lock                                  
0     003f475b  __register_unlock                                
1     00000050  __stack                                          
0     003f4797  __system_post_cinit                              
0     003f4795  __system_pre_init                                
1     000095e0  __unlock                                         
0     003f44bf  _abort                                           
1     00008ce4  _angleComp                                       
1     00008c4c  _angleCompHandle                                 
0     003f4291  _c_int00                                         
0     003f405b  _ceil                                            
0     003f405b  _ceilf                                           
0     003f0714  _checkErrors                                     
1     00008c88  _clarkeHandle_I                                  
1     00008c84  _clarkeHandle_V                                  
1     00008cc0  _clarke_I                                        
1     00008cf0  _clarke_V                                        
0     003f455b  _copy_in                                         
0     003f4751  _copysign                                        
0     003f4751  _copysignf                                       
1     000095e4  _cpu                                             
1     00009380  _enc                                             
1     00008c5c  _encHandle                                       
1     000095e5  _errno                                           
1     00008c90  _estHandle                                       
0     003f44c1  _exit                                            
1     00008f80  _filter                                          
1     00008d40  _filterHandle                                    
1     00008d80  _gAdcData                                        
1     00008c48  _gAlignCount                                     
1     00008c64  _gCurrent_A_to_pu_sf                             
1     00008c0c  _gDebug_wrong_CRC                                
1     00009000  _gDrvSpi8305Vars                                 
1     00008c12  _gEnableIndexOffsetCompensation                  
1     00008c04  _gErrors                                         
1     00008c03  _gFlag_enablePosRolloverError                    
1     00008c16  _gFlag_enableVirtualSpring                       
1     00008c08  _gFlag_resetZeroPositionOffset                   
1     00008c98  _gIdq_pu                                         
1     00008ca8  _gIdq_ref_pu                                     
1     00008f00  _gMotorVars                                      
0     003f4a14  _gNumIsrTicksPerPosConvTick                      
1     00008c44  _gOffsetCalcCount                                
1     00008ccc  _gOffsets_I_pu                                   
1     00008cd8  _gOffsets_V_pu                                   
1     00008d00  _gPwmData                                        
1     00008d18  _gQepIndexWatchdog                               
1     00008c18  _gSPILastReceivedIqRef_stamp                     
1     00008c1a  _gSPIReceiveIqRefTimeout                         
1     00008c0a  _gSPI_crc_recv                                   
1     00008c10  _gSPI_crc_send                                   
1     00008c22  _gSPI_current_rx_packet                          
1     00008c24  _gSPI_current_tx_packet                          
1     00008c06  _gSPI_msg_prepared                               
1     00008c07  _gSPI_msg_received                               
1     00008dc0  _gSPI_packets_recv                               
1     00008e00  _gSPI_packets_send                               
1     00008c00  _gSPI_rx_ptr                                     
1     00008c05  _gSPI_timer                                      
1     00008c02  _gSPI_transmitting                               
1     00008c01  _gSPI_tx_ptr                                     
1     00008c60  _gSpeed_pu_to_krpm_sf                            
1     00008c1e  _gStatusLedBlinkLastToggleTime                   
1     00008c20  _gTimer0_cnt                                     
1     00008c1c  _gTimer0_stamp                                   
1     00008c6c  _gTorque_Flux_Iq_pu_to_Nm_sf                     
1     00008c68  _gTorque_Ls_Id_Iq_pu_to_Nm_sf                    
1     00009200  _gUserParams                                     
1     00008cb8  _gVdq_out_pu                                     
1     00008c78  _gZeroPositionOffset                             
1     00008d9c  _hal                                             
1     00008c0e  _halHandle                                       
1     00008c80  _halHandleMtr                                    
1     00008e40  _halMtr                                          
1     00008ca0  _ipark                                           
1     00008c7c  _iparkHandle                                     
0     003f4128  _ldexp                                           
0     003f4128  _ldexpf                                          
0     003f354c  _log                                             
0     003f354c  _logf                                            
0     003f079d  _main                                            
0     003f4727  _memCopy                                         
0     003f461d  _memcpy                                          
0     0000820c  _motor1_ISR                                      
0     000081e1  _motor2_ISR                                      
0     003f2f9d  _overwriteSetupTimer0                            
1     00008cb0  _park                                            
1     00008c8c  _parkHandle                                      
1     00008e80  _pid                                             
1     00008d0c  _pidHandle                                       
0     003f2e88  _pidSetup                                        
0     003f265b  _pow                                             
0     003f265b  _powf                                            
0     003f3aa7  _qep1IndexISR                                    
0     003f3a60  _qep2IndexISR                                    
0     003f01c1  _runOffsetsCalculation                           
0     003f4128  _scalbn                                          
0     003f4128  _scalbnf                                         
0     003f013c  _setSPIMotorData                                 
0     003f2e70  _setupClarke_I                                   
0     003f2e5e  _setupClarke_V                                   
0     003f2e2f  _setupQepIndexInterrupt                          
0     003f0122  _setupSPI                                        
0     003f2e19  _setupSPIBRXInt                                  
0     003f2df2  _setupXINT1                                      
1     00008d28  _slip                                            
1     00008c50  _slipHandle                                      
0     003f2d70  _softwareUpdate1p6                               
0     000080ff  _spi_ISR                                         
1     00008c40  _spi_buffer                                      
1     00008c09  _spi_buffer_index                                
0     003f0114  _spi_check_CRC                                   
0     003f010c  _spi_compute_CRC                                 
0     003f00e3  _spi_get_CRC                                     
1     00008c38  _spi_get_adc6                                    
1     00008c3c  _spi_get_current                                 
1     00008c2c  _spi_get_enc_index                               
1     00008c30  _spi_get_position                                
1     00008c34  _spi_get_velocity                                
[...]
0     003f4128  _ldexp                                           
0     003f4128  _ldexpf                                          
0     003f4128  _scalbn                                          
0     003f4128  _scalbnf                                         
0     003f4185  _PLL_setLockPeriod                               
0     003f418a  _PLL_setDivideSelect                             
0     003f4191  _PLL_setClkFreq                                  
0     003f4197  _PLL_resetClkDetect                              
0     003f419d  _PLL_init                                        
0     003f41a3  _PLL_getLockStatus                               
0     003f41a6  _PLL_getDivideSelect                             
0     003f41a9  _PLL_getClkStatus                                
0     003f41ac  _PLL_getClkFreq                                  
0     003f41b0  _PLL_enableOsc                                   
0     003f41b6  _PLL_enableNormRdy                               
0     003f41bc  _PLL_enableClkDetect                             
0     003f41c2  _PLL_enable                                      
0     003f41c8  _PLL_disableOsc                                  
0     003f41ce  _PLL_disableNormRdy                              
0     003f41d4  _PLL_disableClkDetect                            
0     003f41da  _PLL_disable                                     
0     003f41e0  FS$$MPY                                          
0     003f423a  _ANGLE_COMP_setParams                            
0     003f428b  _ANGLE_COMP_init                                 
0     003f4291  _c_int00                                         
0     003f42e5  _VIRTUALSPRING_setup                             
0     003f42f3  _VIRTUALSPRING_run                               
0     003f431c  _VIRTUALSPRING_init                              
0     003f4322  _VIRTUALSPRING_getIqRef_A                        
0     003f4334  _WDOG_setPreScaler                               
0     003f433e  _WDOG_setCount                                   
0     003f4340  _WDOG_init                                       
0     003f4346  _WDOG_getIntStatus                               
0     003f4349  _WDOG_enableOverRide                             
0     003f434f  _WDOG_enableInt                                  
0     003f4355  _WDOG_enable                                     
0     003f435e  _WDOG_disableOverRide                            
0     003f4364  _WDOG_disableInt                                 
0     003f436a  _WDOG_disable                                    
0     003f4372  _WDOG_clearCounter                               
0     003f437a  _PWR_setNumStandByClocks                         
0     003f438b  _PWR_setLowPowerMode                             
0     003f439c  _PWR_init                                        
0     003f43a4  _PWR_enableWatchDogInt                           
0     003f43ae  _PWR_enableBrownOutReset                         
0     003f43b1  _PWR_disableWatchDogInt                          
0     003f43bb  _PWR_disableBrownOutReset                        
0     003f43be  _ST_addPosRollOver                               
0     003f43fa  _STPOSCONV_init                                  
0     003f442f  _TIMER_setPreScaler                              
0     003f443d  _TIMER_setEmulationMode                          
0     003f4441  _TIMER_setDecimationFactor                       
0     003f444f  _TIMER_init                                      
0     003f4455  _TIMER_getStatus                                 
0     003f4458  _TIMER_enableInt                                 
0     003f445b  _TIMER_disableInt                                
0     003f445e  _TIMER_clearFlag                                 
0     003f4461  _ST_initVersion                                  
0     003f4492  _OSC_setTrim                                     
0     003f449b  _OSC_setFineTrim                                 
0     003f44ac  _OSC_setCoarseTrim                               
0     003f44b9  _OSC_init                                        
0     003f44bf  C$$EXIT                                          
0     003f44bf  _abort                                           
0     003f44c1  _exit                                            
0     003f44e8  FS$$TOL                                          
0     003f4511  _CPU_init                                        
0     003f4515  _CPU_enableProtectedRegisterWrite                
0     003f4518  _CPU_enableInt                                   
0     003f451c  _CPU_enableGlobalInts                            
0     003f451f  _CPU_enableDebugInt                              
0     003f4522  _CPU_disableProtectedRegisterWrite               
0     003f4525  _CPU_disableInts                                 
0     003f4528  _CPU_disableInt                                  
0     003f452d  _CPU_disableGlobalInts                           
0     003f4530  _CPU_disableDebugInt                             
0     003f4533  _CPU_clearIntFlags                               
0     003f4536  FS$$TOI                                          
0     003f455b  _copy_in                                         
0     003f457f  _FILTER_FO_setNumCoeffs                          
0     003f4583  _FILTER_FO_setInitialConditions                  
0     003f4588  _FILTER_FO_setDenCoeffs                          
0     003f458a  _FILTER_FO_init                                  
0     003f4590  _FILTER_FO_getNumCoeffs                          
0     003f4596  _FILTER_FO_getInitialConditions                  
0     003f459d  _FILTER_FO_getDenCoeffs                          
0     003f45a0  FS$$TOUL                                         
0     003f45c1  _FLASH_init                                      
0     003f45c7  _FLASH_getStandbyWaitStatus                      
0     003f45cb  _FLASH_getStandbyWaitCount                       
0     003f45ce  _FLASH_getPowerMode                              
0     003f45d1  _FLASH_getActiveWaitStatus                       
0     003f45d5  _FLASH_getActiveWaitCount                        
0     003f45d8  _FLASH_get3VStatus                               
0     003f45db  _FLASH_clear3VStatus                             
0     003f45e1  FD$$TOL                                          
0     003f4600  FS$$TOU                                          
0     003f461d  _memcpy                                          
0     003f463a  FS$$TOFD                                         
0     003f4656  FD$$TOUL                                         
0     003f4671  I$$TOFS                                          
0     003f468b  L$$TOFS                                          
0     003f46a5  __args_main                                      
0     003f46be  _SLIP_setup                                      
0     003f46c6  _SLIP_run                                        
0     003f46d1  _SLIP_init                                       
0     003f46d7  FS$$CMP                                          
0     003f46ee  UL$$TOFD                                         
0     003f4704  UL$$TOFS                                         
0     003f4717  U$$TOFS                                          
0     003f4727  _memCopy                                         
0     003f4736  FD$$SUB                                          
0     003f4744  _PID_init                                        
0     003f4751  _copysign                                        
0     003f4751  _copysignf                                       
0     003f475b  __register_unlock                                
0     003f475f  __register_lock                                  
0     003f4763  __nop                                            
0     003f476c  _SVGEN_setup                                     
0     003f476d  _SVGEN_init                                      
0     003f4773  _CLARKE_init                                     
0     003f4779  _IPARK_init                                      
0     003f477f  _PARK_init                                       
0     003f4785  _QEP_init                                        
0     003f478b  _PIE_illegalIsr                                  
0     003f4790  FS$$NEG                                          
0     003f4795  __system_pre_init                                
0     003f4797  __system_post_cinit                              
0     003f4798  ___etext__                                       
0     003f4798  etext                                            
0     003f4a14  _gNumIsrTicksPerPosConvTick                      
0     003f4a18  ___cinit__                                       
0     003f4a18  cinit                                            
0     003f4b94  __IQ24div                                        
0     003f4bdb  __IQ24sqrt                                       
0     003f4c1d  __IQ24sinPU                                      
0     003f4c46  __IQ24cosPU                                      
0     003f4c6d  __IQ30toF                                        
0     003f7ff6  code_start                                       
0     003fdc30  _IQsinTable                                      
0     003fdd30  _IQcosTable                                      
0     003fe030  _IQsinTableEnd                                   
0     003fe132  _IQcosTableEnd                                   
0     003fe132  _IQdivRoundSatTable                              
0     003fe140  _IQdivTable                                      
0     003fe342  _IQdivTableEnd                                   
0     003fe342  _IQisqrtRoundSatTable                            
0     003fe342  _IQsqrtRoundSatTable                             
0     003fe352  _IQisqrtTable                                    
0     003fe352  _IQsqrtTable                                     
0     003fe454  _IQatan2HalfPITable                              
0     003fe454  _IQisqrtTableEnd                                 
0     003fe454  _IQsqrtTableEnd                                  
0     003fe492  _IQatan2Table                                    
0     003fe618  _IQ30mpyRndSatTable                              
0     003fe618  _IQatan2TableEnd                                 
0     003fe618  _IQmpyRndSatTable                                
0     003fe624  _IQ29mpyRndSatTable                              
0     003fe630  _IQ28mpyRndSatTable                              
0     003fe63c  _IQ27mpyRndSatTable                              
0     003fe648  _IQ26mpyRndSatTable                              
0     003fe654  _IQ25mpyRndSatTable                              
0     003fe660  _IQ24mpyRndSatTable                              
0     003fe66c  _IQ23mpyRndSatTable                              
0     003fe678  _IQ22mpyRndSatTable                              
0     003fe684  _IQ21mpyRndSatTable                              
0     003fe690  _IQ20mpyRndSatTable                              
0     003fe69c  _IQ19mpyRndSatTable                              
0     003fe6a8  _IQ18mpyRndSatTable                              
0     003fe6b4  _IQ17mpyRndSatTable                              
0     003fe6c0  _IQ16mpyRndSatTable                              
0     003fe6cc  _IQ15mpyRndSatTable                              
0     003fe6d8  _IQ14mpyRndSatTable                              
0     003fe6e4  _IQ13mpyRndSatTable                              
0     003fe6f0  _IQ12mpyRndSatTable                              
0     003fe6fc  _IQ11mpyRndSatTable                              
0     003fe708  _IQ10mpyRndSatTable                              
0     003fe714  _IQ9mpyRndSatTable                               
0     003fe720  _IQ8mpyRndSatTable                               
0     003fe72c  _IQ7mpyRndSatTable                               
0     003fe738  _IQ6mpyRndSatTable                               
0     003fe744  _IQ5mpyRndSatTable                               
0     003fe750  _IQ4mpyRndSatTable                               
0     003fe75c  _IQ3mpyRndSatTable                               
0     003fe768  _IQ2mpyRndSatTable                               
0     003fe774  _IQ1mpyRndSatTable                               
0     003fe780  _IQmpyRndSatTableEnd                             
1     00000050  __stack                                          
1     00000400  __STACK_END                                      
1     00008c00  _gSPI_rx_ptr                                     
1     00008c01  _gSPI_tx_ptr                                     
1     00008c02  _gSPI_transmitting                               
1     00008c03  _gFlag_enablePosRolloverError                    
1     00008c04  _gErrors                                         
1     00008c05  _gSPI_timer                                      
1     00008c06  _gSPI_msg_prepared                               
1     00008c07  _gSPI_msg_received                               
1     00008c08  _gFlag_resetZeroPositionOffset                   
1     00008c09  _spi_buffer_index                                
1     00008c0a  _gSPI_crc_recv                                   
1     00008c0c  _gDebug_wrong_CRC                                
1     00008c0e  _halHandle                                       
1     00008c10  _gSPI_crc_send                                   
1     00008c12  _gEnableIndexOffsetCompensation                  
1     00008c14  _stCntPosConv                                    
1     00008c16  _gFlag_enableVirtualSpring                       
1     00008c18  _gSPILastReceivedIqRef_stamp                     
1     00008c1a  _gSPIReceiveIqRefTimeout                         
1     00008c1c  _gTimer0_stamp                                   
1     00008c1e  _gStatusLedBlinkLastToggleTime                   
1     00008c20  _gTimer0_cnt                                     
1     00008c22  _gSPI_current_rx_packet                          
1     00008c24  _gSPI_current_tx_packet                          
1     00008c26  _stCntSpeed                                      
1     00008c28  _spi_set_current                                 
1     00008c2c  _spi_get_enc_index                               
1     00008c30  _spi_get_position                                
1     00008c34  _spi_get_velocity                                
1     00008c38  _spi_get_adc6                                    
1     00008c3c  _spi_get_current                                 
1     00008c40  _spi_buffer                                      
1     00008c44  _gOffsetCalcCount                                
1     00008c48  _gAlignCount                                     
1     00008c4c  _angleCompHandle                                 
1     00008c50  _slipHandle                                      
1     00008c58  _svgenHandle                                     
1     00008c5c  _encHandle                                       
1     00008c60  _gSpeed_pu_to_krpm_sf                            
1     00008c64  _gCurrent_A_to_pu_sf                             
1     00008c68  _gTorque_Ls_Id_Iq_pu_to_Nm_sf                    
1     00008c6c  _gTorque_Flux_Iq_pu_to_Nm_sf                     
1     00008c70  _stHandle                                        
1     00008c74  _svgen                                           
1     00008c78  _gZeroPositionOffset                             
1     00008c7c  _iparkHandle                                     
1     00008c80  _halHandleMtr                                    
1     00008c84  _clarkeHandle_V                                  
1     00008c88  _clarkeHandle_I                                  
1     00008c8c  _parkHandle                                      
1     00008c90  _estHandle                                       
1     00008c94  _springHandle                                    
1     00008c98  _gIdq_pu                                         
1     00008ca0  _ipark                                           
1     00008ca8  _gIdq_ref_pu                                     
1     00008cb0  _park                                            
1     00008cb8  _gVdq_out_pu                                     
1     00008cc0  _clarke_I                                        
1     00008ccc  _gOffsets_I_pu                                   
1     00008cd8  _gOffsets_V_pu                                   
1     00008ce4  _angleComp                                       
1     00008cf0  _clarke_V                                        
1     00008d00  _gPwmData                                        
1     00008d0c  _pidHandle                                       
1     00008d18  _gQepIndexWatchdog                               
1     00008d28  _slip                                            
1     00008d40  _filterHandle                                    
1     00008d58  _spring                                          
1     00008d80  _gAdcData                                        
1     00008d9c  _hal                                             
1     00008dc0  _gSPI_packets_recv                               
1     00008e00  _gSPI_packets_send                               
1     00008e40  _halMtr                                          
1     00008e80  _pid                                             
1     00008f00  _gMotorVars                                      
1     00008f80  _filter                                          
1     00009000  _gDrvSpi8305Vars                                 
1     00009100  _st_obj                                          
1     00009200  _gUserParams                                     
1     00009380  _enc                                             
1     000095d8  ___TI_enable_exit_profile_output                 
1     000095da  ___TI_cleanup_ptr                                
1     000095dc  ___TI_dtors_ptr                                  
1     000095de  __lock                                           
1     000095e0  __unlock                                         
1     000095e4  _cpu                                             
1     000095e5  _errno                                           
abs   000003b0  __STACK_SIZE                                     
abs   003f8713  _EST_updateState                                 
abs   003f8ae7  _EST_setLs_q_pu                                  
abs   003f8af1  _EST_setLs_qFmt                                  
abs   003f8b45  _EST_setLs_d_pu                                  
abs   003f8b7a  _EST_setIdle                                     
abs   003f8bd3  _EST_setFlag_enableRsRecalc                      
abs   003f8bdb  _EST_setFlag_enableForceAngle                    
abs   003f9393  _EST_init                                        
abs   003f95c9  _EST_getLs_q_pu                                  
abs   003f95f0  _EST_getLs_d_pu                                  
abs   003f95ff  _EST_getLs_coarse_max_pu                         
abs   003f96ab  _EST_getFlux_pu                                  
abs   003f99a5  _CTRL_setupEstIdleState                          
abs   003f9d31  _CTRL_setUserMotorParams                         
abs   003fa69d  _CTRL_init                                       
abs   003fa866  _CTRL_setParams                                  
abs   003fbc6d  _spintac_rom_ver                                 
abs   ffffffff  ___TI_pprof_out_hndl                             
abs   ffffffff  ___TI_prof_data_size                             
abs   ffffffff  ___TI_prof_data_start                            
abs   ffffffff  ___binit__                                       
abs   ffffffff  ___c_args__                                      
abs   ffffffff  ___pinit__                                       
abs   ffffffff  binit                                            
abs   ffffffff  pinit                                            

[749 symbols]
